Archive member included to satisfy reference by file (symbol)

/home/gomofob/Projects/Arduino/nano_33_iot/build/core/core.a(SERCOM.cpp.o)
                              /home/gomofob/Projects/Arduino/nano_33_iot/build/core/variant.cpp.o (SERCOM::SERCOM(Sercom*))
/home/gomofob/Projects/Arduino/nano_33_iot/build/core/core.a(Uart.cpp.o)
                              /home/gomofob/Projects/Arduino/nano_33_iot/build/core/variant.cpp.o (Uart::Uart(SERCOM*, unsigned char, unsigned char, SercomRXPad, SercomUartTXPad, unsigned char, unsigned char))
/home/gomofob/Projects/Arduino/nano_33_iot/build/core/core.a(Print.cpp.o)
                              /home/gomofob/Projects/Arduino/nano_33_iot/build/core/core.a(Uart.cpp.o) (arduino::Print::write(unsigned char const*, unsigned int))
/home/gomofob/Projects/Arduino/nano_33_iot/build/core/core.a(cortex_handlers.c.o)
                              (Reset_Handler)
/home/gomofob/Projects/Arduino/nano_33_iot/build/core/core.a(delay.c.o)
                              /home/gomofob/Projects/Arduino/nano_33_iot/build/core/core.a(cortex_handlers.c.o) (SysTick_DefaultHandler)
/home/gomofob/Projects/Arduino/nano_33_iot/build/core/core.a(hooks.c.o)
                              /home/gomofob/Projects/Arduino/nano_33_iot/build/core/core.a(delay.c.o) (yield)
/home/gomofob/Projects/Arduino/nano_33_iot/build/core/core.a(main.cpp.o)
                              /home/gomofob/.arduino15/packages/arduino/tools/arm-none-eabi-gcc/7-2017q4/bin/../lib/gcc/arm-none-eabi/7.2.1/../../../../arm-none-eabi/lib/thumb/v6-m/crt0.o (main)
/home/gomofob/Projects/Arduino/nano_33_iot/build/core/core.a(startup.c.o)
                              /home/gomofob/Projects/Arduino/nano_33_iot/build/core/core.a(cortex_handlers.c.o) (SystemInit)
/home/gomofob/Projects/Arduino/nano_33_iot/build/core/core.a(wiring.c.o)
                              /home/gomofob/Projects/Arduino/nano_33_iot/build/core/core.a(main.cpp.o) (init)
/home/gomofob/Projects/Arduino/nano_33_iot/build/core/core.a(wiring_analog.c.o)
                              /home/gomofob/Projects/Arduino/nano_33_iot/build/core/core.a(wiring.c.o) (analogReference)
/home/gomofob/Projects/Arduino/nano_33_iot/build/core/core.a(wiring_digital.c.o)
                              /home/gomofob/Projects/Arduino/nano_33_iot/build/core/variant.cpp.o (pinMode)
/home/gomofob/Projects/Arduino/nano_33_iot/build/core/core.a(wiring_private.c.o)
                              /home/gomofob/Projects/Arduino/nano_33_iot/build/core/core.a(Uart.cpp.o) (pinPeripheral)
/home/gomofob/Projects/Arduino/nano_33_iot/build/core/core.a(Reset.cpp.o)
                              /home/gomofob/Projects/Arduino/nano_33_iot/build/core/core.a(delay.c.o) (tickReset)
/home/gomofob/Projects/Arduino/nano_33_iot/build/core/core.a(USBCore.cpp.o)
                              /home/gomofob/Projects/Arduino/nano_33_iot/build/core/core.a(main.cpp.o) (USBDeviceClass::attach())
/home/gomofob/Projects/Arduino/nano_33_iot/build/core/core.a(abi.cpp.o)
                              /home/gomofob/Projects/Arduino/nano_33_iot/build/core/core.a(Print.cpp.o) (__cxa_pure_virtual)
/home/gomofob/Projects/Arduino/nano_33_iot/build/core/core.a(PluggableUSB.cpp.o)
                              /home/gomofob/Projects/Arduino/nano_33_iot/build/core/core.a(USBCore.cpp.o) (arduino::PluggableUSB_::getInterface(unsigned char*))
/home/gomofob/Projects/Arduino/nano_33_iot/build/core/core.a(new.cpp.o)
                              /home/gomofob/Projects/Arduino/nano_33_iot/build/core/core.a(USBCore.cpp.o) (operator new(unsigned int))
/home/gomofob/Projects/Arduino/nano_33_iot/build/core/core.a(CDC.cpp.o)
                              /home/gomofob/Projects/Arduino/nano_33_iot/build/core/core.a(USBCore.cpp.o) (Serial_::begin(unsigned long))
/home/gomofob/.arduino15/packages/arduino/tools/arm-none-eabi-gcc/7-2017q4/bin/../lib/gcc/arm-none-eabi/7.2.1/thumb/v6-m/libgcc.a(_thumb1_case_uqi.o)
                              /home/gomofob/Projects/Arduino/nano_33_iot/build/core/core.a(wiring_analog.c.o) (__gnu_thumb1_case_uqi)
/home/gomofob/.arduino15/packages/arduino/tools/arm-none-eabi-gcc/7-2017q4/bin/../lib/gcc/arm-none-eabi/7.2.1/thumb/v6-m/libgcc.a(_udivsi3.o)
                              /home/gomofob/Projects/Arduino/nano_33_iot/build/core/core.a(SERCOM.cpp.o) (__aeabi_uidiv)
/home/gomofob/.arduino15/packages/arduino/tools/arm-none-eabi-gcc/7-2017q4/bin/../lib/gcc/arm-none-eabi/7.2.1/thumb/v6-m/libgcc.a(_divsi3.o)
                              /home/gomofob/Projects/Arduino/nano_33_iot/build/core/core.a(SERCOM.cpp.o) (__aeabi_idiv)
/home/gomofob/.arduino15/packages/arduino/tools/arm-none-eabi-gcc/7-2017q4/bin/../lib/gcc/arm-none-eabi/7.2.1/thumb/v6-m/libgcc.a(_dvmd_tls.o)
                              /home/gomofob/.arduino15/packages/arduino/tools/arm-none-eabi-gcc/7-2017q4/bin/../lib/gcc/arm-none-eabi/7.2.1/thumb/v6-m/libgcc.a(_udivsi3.o) (__aeabi_idiv0)
[...]
Memory Configuration

Name             Origin             Length             Attributes
FLASH            0x0000000000002000 0x000000000003e000 xr
RAM              0x0000000020000000 0x0000000000008000 xrw
*default*        0x0000000000000000 0xffffffffffffffff

Linker script and memory map

LOAD /home/gomofob/.arduino15/packages/arduino/tools/arm-none-eabi-gcc/7-2017q4/bin/../lib/gcc/arm-none-eabi/7.2.1/thumb/v6-m/crti.o
LOAD /home/gomofob/.arduino15/packages/arduino/tools/arm-none-eabi-gcc/7-2017q4/bin/../lib/gcc/arm-none-eabi/7.2.1/thumb/v6-m/crtbegin.o
LOAD /home/gomofob/.arduino15/packages/arduino/tools/arm-none-eabi-gcc/7-2017q4/bin/../lib/gcc/arm-none-eabi/7.2.1/../../../../arm-none-eabi/lib/thumb/v6-m/crt0.o
LOAD /home/gomofob/Projects/Arduino/nano_33_iot/build/sketch/nano_33_iot.ino.cpp.o
LOAD /home/gomofob/Projects/Arduino/nano_33_iot/build/core/variant.cpp.o
START GROUP
LOAD /home/gomofob/.arduino15/packages/arduino/tools/CMSIS/4.5.0/CMSIS/Lib/GCC//libarm_cortexM0l_math.a
LOAD /home/gomofob/Projects/Arduino/nano_33_iot/build/core/core.a
END GROUP
LOAD /home/gomofob/.arduino15/packages/arduino/tools/arm-none-eabi-gcc/7-2017q4/bin/../lib/gcc/arm-none-eabi/7.2.1/../../../../arm-none-eabi/lib/thumb/v6-m/libstdc++_nano.a
LOAD /home/gomofob/.arduino15/packages/arduino/tools/arm-none-eabi-gcc/7-2017q4/bin/../lib/gcc/arm-none-eabi/7.2.1/../../../../arm-none-eabi/lib/thumb/v6-m/libm.a
START GROUP
LOAD /home/gomofob/.arduino15/packages/arduino/tools/arm-none-eabi-gcc/7-2017q4/bin/../lib/gcc/arm-none-eabi/7.2.1/thumb/v6-m/libgcc.a
LOAD /home/gomofob/.arduino15/packages/arduino/tools/arm-none-eabi-gcc/7-2017q4/bin/../lib/gcc/arm-none-eabi/7.2.1/../../../../arm-none-eabi/lib/thumb/v6-m/libc_nano.a
END GROUP
START GROUP
LOAD /home/gomofob/.arduino15/packages/arduino/tools/arm-none-eabi-gcc/7-2017q4/bin/../lib/gcc/arm-none-eabi/7.2.1/thumb/v6-m/libgcc.a
LOAD /home/gomofob/.arduino15/packages/arduino/tools/arm-none-eabi-gcc/7-2017q4/bin/../lib/gcc/arm-none-eabi/7.2.1/../../../../arm-none-eabi/lib/thumb/v6-m/libc_nano.a
LOAD /home/gomofob/.arduino15/packages/arduino/tools/arm-none-eabi-gcc/7-2017q4/bin/../lib/gcc/arm-none-eabi/7.2.1/../../../../arm-none-eabi/lib/thumb/v6-m/libnosys.a
END GROUP
START GROUP
LOAD /home/gomofob/.arduino15/packages/arduino/tools/arm-none-eabi-gcc/7-2017q4/bin/../lib/gcc/arm-none-eabi/7.2.1/thumb/v6-m/libgcc.a
LOAD /home/gomofob/.arduino15/packages/arduino/tools/arm-none-eabi-gcc/7-2017q4/bin/../lib/gcc/arm-none-eabi/7.2.1/../../../../arm-none-eabi/lib/thumb/v6-m/libc_nano.a
LOAD /home/gomofob/.arduino15/packages/arduino/tools/arm-none-eabi-gcc/7-2017q4/bin/../lib/gcc/arm-none-eabi/7.2.1/../../../../arm-none-eabi/lib/thumb/v6-m/libnosys.a
END GROUP
LOAD /home/gomofob/.arduino15/packages/arduino/tools/arm-none-eabi-gcc/7-2017q4/bin/../lib/gcc/arm-none-eabi/7.2.1/thumb/v6-m/crtend.o
LOAD /home/gomofob/.arduino15/packages/arduino/tools/arm-none-eabi-gcc/7-2017q4/bin/../lib/gcc/arm-none-eabi/7.2.1/thumb/v6-m/crtn.o

.text           0x0000000000002000     0x2bfc
                0x0000000000002000                __text_start__ = .
 *(.sketch_boot)
                0x0000000000002000                . = ALIGN (0x2000)
 *(.isr_vector)
 .isr_vector    0x0000000000002000       0xb4 /home/gomofob/Projects/Arduino/nano_33_iot/build/core/core.a(cortex_handlers.c.o)
                0x0000000000002000                exception_table
 *(.text*)
 .text          0x00000000000020b4       0x48 /home/gomofob/.arduino15/packages/arduino/tools/arm-none-eabi-gcc/7-2017q4/bin/../lib/gcc/arm-none-eabi/7.2.1/thumb/v6-m/crtbegin.o
 .text.setup    0x00000000000020fc        0x2 /home/gomofob/Projects/Arduino/nano_33_iot/build/sketch/nano_33_iot.ino.cpp.o
                0x00000000000020fc                setup
 .text.loop     0x00000000000020fe        0x2 /home/gomofob/Projects/Arduino/nano_33_iot/build/sketch/nano_33_iot.ino.cpp.o
                0x00000000000020fe                loop
 .text.initVariant
                0x0000000000002100       0x24 /home/gomofob/Projects/Arduino/nano_33_iot/build/core/variant.cpp.o
                0x0000000000002100                initVariant
 .text.SERCOM5_Handler
                0x0000000000002124       0x10 /home/gomofob/Projects/Arduino/nano_33_iot/build/core/variant.cpp.o
                0x0000000000002124                SERCOM5_Handler
 .text.SERCOM3_Handler
                0x0000000000002134       0x10 /home/gomofob/Projects/Arduino/nano_33_iot/build/core/variant.cpp.o
                0x0000000000002134                SERCOM3_Handler
 .text.SERCOM2_Handler
                0x0000000000002144       0x10 /home/gomofob/Projects/Arduino/nano_33_iot/build/core/variant.cpp.o
                0x0000000000002144                SERCOM2_Handler
 .text.startup._GLOBAL__sub_I_g_APinDescription
                0x0000000000002154       0xbc /home/gomofob/Projects/Arduino/nano_33_iot/build/core/variant.cpp.o
 .text._ZN6SERCOMC2EP6Sercom
                0x0000000000002210        0x8 /home/gomofob/Projects/Arduino/nano_33_iot/build/core/core.a(SERCOM.cpp.o)
                0x0000000000002210                SERCOM::SERCOM(Sercom*)
                0x0000000000002210                SERCOM::SERCOM(Sercom*)
 .text._ZN6SERCOM9initFrameE18SercomUartCharSize15SercomDataOrder16SercomParityMode19SercomNumberStopBit
                0x0000000000002218       0x3a /home/gomofob/Projects/Arduino/nano_33_iot/build/core/core.a(SERCOM.cpp.o)
                0x0000000000002218                SERCOM::initFrame(SercomUartCharSize, SercomDataOrder, SercomParityMode, SercomNumberStopBit)
 .text._ZN6SERCOM8initPadsE15SercomUartTXPad11SercomRXPad
                0x0000000000002252       0x26 /home/gomofob/Projects/Arduino/nano_33_iot/build/core/core.a(SERCOM.cpp.o)
                0x0000000000002252                SERCOM::initPads(SercomUartTXPad, SercomRXPad)
 .text._ZN6SERCOM9resetUARTEv
                0x0000000000002278       0x1a /home/gomofob/Projects/Arduino/nano_33_iot/build/core/core.a(SERCOM.cpp.o)
                0x0000000000002278                SERCOM::resetUART()
 .text._ZN6SERCOM10enableUARTEv
                0x0000000000002292       0x14 /home/gomofob/Projects/Arduino/nano_33_iot/build/core/core.a(SERCOM.cpp.o)
                0x0000000000002292                SERCOM::enableUART()
 .text._ZN6SERCOM9flushUARTEv
                0x00000000000022a6       0x14 /home/gomofob/Projects/Arduino/nano_33_iot/build/core/core.a(SERCOM.cpp.o)
                0x00000000000022a6                SERCOM::flushUART()
 .text._ZN6SERCOM15clearStatusUARTEv
                0x00000000000022ba        0x8 /home/gomofob/Projects/Arduino/nano_33_iot/build/core/core.a(SERCOM.cpp.o)
                0x00000000000022ba                SERCOM::clearStatusUART()
 .text._ZN6SERCOM17availableDataUARTEv
                0x00000000000022c2        0xa /home/gomofob/Projects/Arduino/nano_33_iot/build/core/core.a(SERCOM.cpp.o)
                0x00000000000022c2                SERCOM::availableDataUART()
 .text._ZN6SERCOM11isUARTErrorEv
                0x00000000000022cc        0x8 /home/gomofob/Projects/Arduino/nano_33_iot/build/core/core.a(SERCOM.cpp.o)
                0x00000000000022cc                SERCOM::isUARTError()
 .text._ZN6SERCOM20acknowledgeUARTErrorEv
                0x00000000000022d4        0xe /home/gomofob/Projects/Arduino/nano_33_iot/build/core/core.a(SERCOM.cpp.o)
                0x00000000000022d4                SERCOM::acknowledgeUARTError()
 .text._ZN6SERCOM16isFrameErrorUARTEv
                0x00000000000022e2        0xa /home/gomofob/Projects/Arduino/nano_33_iot/build/core/core.a(SERCOM.cpp.o)
                0x00000000000022e2                SERCOM::isFrameErrorUART()
 .text._ZN6SERCOM19clearFrameErrorUARTEv
                0x00000000000022ec        0xc /home/gomofob/Projects/Arduino/nano_33_iot/build/core/core.a(SERCOM.cpp.o)
                0x00000000000022ec                SERCOM::clearFrameErrorUART()
 .text._ZN6SERCOM23isDataRegisterEmptyUARTEv
                0x00000000000022f8        0xa /home/gomofob/Projects/Arduino/nano_33_iot/build/core/core.a(SERCOM.cpp.o)
                0x00000000000022f8                SERCOM::isDataRegisterEmptyUART()
 .text._ZN6SERCOM12readDataUARTEv
                0x0000000000002302        0x8 /home/gomofob/Projects/Arduino/nano_33_iot/build/core/core.a(SERCOM.cpp.o)
                0x0000000000002302                SERCOM::readDataUART()
 .text._ZN6SERCOM13writeDataUARTEh
                0x000000000000230a       0x14 /home/gomofob/Projects/Arduino/nano_33_iot/build/core/core.a(SERCOM.cpp.o)
                0x000000000000230a                SERCOM::writeDataUART(unsigned char)
 .text._ZN6SERCOM36enableDataRegisterEmptyInterruptUARTEv
                0x000000000000231e        0x8 /home/gomofob/Projects/Arduino/nano_33_iot/build/core/core.a(SERCOM.cpp.o)
                0x000000000000231e                SERCOM::enableDataRegisterEmptyInterruptUART()
 .text._ZN6SERCOM37disableDataRegisterEmptyInterruptUARTEv
                0x0000000000002326        0x8 /home/gomofob/Projects/Arduino/nano_33_iot/build/core/core.a(SERCOM.cpp.o)
                0x0000000000002326                SERCOM::disableDataRegisterEmptyInterruptUART()
 *fill*         0x000000000000232e        0x2 
 .text._ZN6SERCOM13initClockNVICEv
                0x0000000000002330       0xa8 /home/gomofob/Projects/Arduino/nano_33_iot/build/core/core.a(SERCOM.cpp.o)
                0x0000000000002330                SERCOM::initClockNVIC()
 .text._ZN6SERCOM8initUARTE14SercomUartMode20SercomUartSampleRatem
                0x00000000000023d8       0x6c /home/gomofob/Projects/Arduino/nano_33_iot/build/core/core.a(SERCOM.cpp.o)
                0x00000000000023d8                SERCOM::initUART(SercomUartMode, SercomUartSampleRate, unsigned long)
 .text._ZN4UartcvbEv
                0x0000000000002444        0x4 /home/gomofob/Projects/Arduino/nano_33_iot/build/core/core.a(Uart.cpp.o)
                0x0000000000002444                Uart::operator bool()
 .text._ZN4Uart5beginEm
                0x0000000000002448       0x10 /home/gomofob/Projects/Arduino/nano_33_iot/build/core/core.a(Uart.cpp.o)
                0x0000000000002448                Uart::begin(unsigned long)
 .text._ZN4Uart9availableEv
                0x0000000000002458        0x6 /home/gomofob/Projects/Arduino/nano_33_iot/build/core/core.a(Uart.cpp.o)
                0x0000000000002458                Uart::available()
 .text._ZN4Uart17availableForWriteEv
                0x000000000000245e       0x10 /home/gomofob/Projects/Arduino/nano_33_iot/build/core/core.a(Uart.cpp.o)
                0x000000000000245e                Uart::availableForWrite()
 .text._ZN4Uart4peekEv
                0x000000000000246e       0x18 /home/gomofob/Projects/Arduino/nano_33_iot/build/core/core.a(Uart.cpp.o)
                0x000000000000246e                Uart::peek()
 .text._ZN4Uart3endEv
                0x0000000000002486       0x24 /home/gomofob/Projects/Arduino/nano_33_iot/build/core/core.a(Uart.cpp.o)
                0x0000000000002486                Uart::end()
 .text._ZN4Uart5flushEv
                0x00000000000024aa       0x16 /home/gomofob/Projects/Arduino/nano_33_iot/build/core/core.a(Uart.cpp.o)
                0x00000000000024aa                Uart::flush()
 .text._ZN7__GuardD2Ev
                0x00000000000024c0        0xe /home/gomofob/Projects/Arduino/nano_33_iot/build/core/core.a(Uart.cpp.o)
                0x00000000000024c0                __Guard::~__Guard()
                0x00000000000024c0                __Guard::~__Guard()
 .text._ZN4Uart16extractNbStopBitEt
                0x00000000000024ce        0xc /home/gomofob/Projects/Arduino/nano_33_iot/build/core/core.a(Uart.cpp.o)
                0x00000000000024ce                Uart::extractNbStopBit(unsigned short)
 .text._ZN4Uart15extractCharSizeEt
                0x00000000000024da       0x28 /home/gomofob/Projects/Arduino/nano_33_iot/build/core/core.a(Uart.cpp.o)
                0x00000000000024da                Uart::extractCharSize(unsigned short)
 .text._ZN4Uart13extractParityEt
                0x0000000000002502       0x14 /home/gomofob/Projects/Arduino/nano_33_iot/build/core/core.a(Uart.cpp.o)
                0x0000000000002502                Uart::extractParity(unsigned short)
 *fill*         0x0000000000002516        0x2 
 .text._ZN4Uart5beginEmt
                0x0000000000002518       0xf8 /home/gomofob/Projects/Arduino/nano_33_iot/build/core/core.a(Uart.cpp.o)
                0x0000000000002518                Uart::begin(unsigned long, unsigned short)
 .text._ZN7arduino11RingBufferNILi256EEC2Ev
                0x0000000000002610       0x1e /home/gomofob/Projects/Arduino/nano_33_iot/build/core/core.a(Uart.cpp.o)
                0x0000000000002610                arduino::RingBufferN<256>::RingBufferN()
                0x0000000000002610                arduino::RingBufferN<256>::RingBufferN()
 *fill*         0x000000000000262e        0x2 
 .text._ZN4UartC2EP6SERCOMhh11SercomRXPad15SercomUartTXPadhh
                0x0000000000002630       0x88 /home/gomofob/Projects/Arduino/nano_33_iot/build/core/core.a(Uart.cpp.o)
                0x0000000000002630                Uart::Uart(SERCOM*, unsigned char, unsigned char, SercomRXPad, SercomUartTXPad, unsigned char, unsigned char)
                0x0000000000002630                Uart::Uart(SERCOM*, unsigned char, unsigned char, SercomRXPad, SercomUartTXPad, unsigned char, unsigned char)
 .text._ZN4UartC2EP6SERCOMhh11SercomRXPad15SercomUartTXPad
                0x00000000000026b8       0x74 /home/gomofob/Projects/Arduino/nano_33_iot/build/core/core.a(Uart.cpp.o)
                0x00000000000026b8                Uart::Uart(SERCOM*, unsigned char, unsigned char, SercomRXPad, SercomUartTXPad)
                0x00000000000026b8                Uart::Uart(SERCOM*, unsigned char, unsigned char, SercomRXPad, SercomUartTXPad)
 .text._ZN7arduino15SafeRingBufferNILi256EE10store_charEh
                0x000000000000272c       0x4a /home/gomofob/Projects/Arduino/nano_33_iot/build/core/core.a(Uart.cpp.o)
                0x000000000000272c                arduino::SafeRingBufferN<256>::store_char(unsigned char)
 .text._ZN7arduino15SafeRingBufferNILi256EE9read_charEv
                0x0000000000002776       0x50 /home/gomofob/Projects/Arduino/nano_33_iot/build/core/core.a(Uart.cpp.o)
                0x0000000000002776                arduino::SafeRingBufferN<256>::read_char()
 .text._ZN4Uart10IrqHandlerEv
                0x00000000000027c6       0xa4 /home/gomofob/Projects/Arduino/nano_33_iot/build/core/core.a(Uart.cpp.o)
                0x00000000000027c6                Uart::IrqHandler()
 *fill*         0x000000000000286a        0x2 
 .text._ZN4Uart5writeEh
                0x000000000000286c       0x9c /home/gomofob/Projects/Arduino/nano_33_iot/build/core/core.a(Uart.cpp.o)
                0x000000000000286c                Uart::write(unsigned char)
 .text._ZN4Uart4readEv
                0x0000000000002908       0x34 /home/gomofob/Projects/Arduino/nano_33_iot/build/core/core.a(Uart.cpp.o)
                0x0000000000002908                Uart::read()
 .text._ZN7arduino5Print5writeEPKhj
                0x000000000000293c       0x28 /home/gomofob/Projects/Arduino/nano_33_iot/build/core/core.a(Print.cpp.o)
                0x000000000000293c                arduino::Print::write(unsigned char const*, unsigned int)
 .text.Dummy_Handler
                0x0000000000002964        0x2 /home/gomofob/Projects/Arduino/nano_33_iot/build/core/core.a(cortex_handlers.c.o)
                0x0000000000002964                DMAC_Handler
                0x0000000000002964                HardFault_Handler
                0x0000000000002964                AC_Handler
                0x0000000000002964                PendSV_Handler
                0x0000000000002964                NMI_Handler
                0x0000000000002964                TC7_Handler
                0x0000000000002964                SERCOM1_Handler
                0x0000000000002964                ADC_Handler
                0x0000000000002964                TCC1_Handler
                0x0000000000002964                TCC0_Handler
                0x0000000000002964                RTC_Handler
                0x0000000000002964                EIC_Handler
                0x0000000000002964                TC6_Handler
                0x0000000000002964                WDT_Handler
                0x0000000000002964                TC4_Handler
                0x0000000000002964                TC3_Handler
                0x0000000000002964                Dummy_Handler
                0x0000000000002964                PM_Handler
                0x0000000000002964                SVC_Handler
                0x0000000000002964                TCC2_Handler
                0x0000000000002964                EVSYS_Handler
                0x0000000000002964                SERCOM4_Handler
                0x0000000000002964                I2S_Handler
                0x0000000000002964                NVMCTRL_Handler
                0x0000000000002964                SERCOM0_Handler
                0x0000000000002964                DAC_Handler
                0x0000000000002964                PTC_Handler
                0x0000000000002964                SYSCTRL_Handler
 *fill*         0x0000000000002966        0x2 
 .text.USB_Handler
                0x0000000000002968       0x14 /home/gomofob/Projects/Arduino/nano_33_iot/build/core/core.a(cortex_handlers.c.o)
                0x0000000000002968                USB_Handler
 .text.Reset_Handler
                0x000000000000297c       0x54 /home/gomofob/Projects/Arduino/nano_33_iot/build/core/core.a(cortex_handlers.c.o)
                0x000000000000297c                Reset_Handler
 .text.SysTick_Handler
                0x00000000000029d0       0x10 /home/gomofob/Projects/Arduino/nano_33_iot/build/core/core.a(cortex_handlers.c.o)
                0x00000000000029d0                SysTick_Handler
 .text.USB_SetHandler
                0x00000000000029e0        0xc /home/gomofob/Projects/Arduino/nano_33_iot/build/core/core.a(cortex_handlers.c.o)
                0x00000000000029e0                USB_SetHandler
 .text.millis   0x00000000000029ec        0xc /home/gomofob/Projects/Arduino/nano_33_iot/build/core/core.a(delay.c.o)
                0x00000000000029ec                millis
 .text.micros   0x00000000000029f8       0x60 /home/gomofob/Projects/Arduino/nano_33_iot/build/core/core.a(delay.c.o)
                0x00000000000029f8                micros
 .text.delay    0x0000000000002a58       0x30 /home/gomofob/Projects/Arduino/nano_33_iot/build/core/core.a(delay.c.o)
                0x0000000000002a58                delay
 .text.resetExternalChip
                0x0000000000002a88        0x2 /home/gomofob/Projects/Arduino/nano_33_iot/build/core/core.a(delay.c.o)
                0x0000000000002a88                resetExternalChip
 *fill*         0x0000000000002a8a        0x2 
 .text.SysTick_DefaultHandler
                0x0000000000002a8c       0x14 /home/gomofob/Projects/Arduino/nano_33_iot/build/core/core.a(delay.c.o)
                0x0000000000002a8c                SysTick_DefaultHandler
 .text.__empty  0x0000000000002aa0        0x2 /home/gomofob/Projects/Arduino/nano_33_iot/build/core/core.a(hooks.c.o)
                0x0000000000002aa0                yield
 .text.__false  0x0000000000002aa2        0x4 /home/gomofob/Projects/Arduino/nano_33_iot/build/core/core.a(hooks.c.o)
                0x0000000000002aa2                sysTickHook
 *fill*         0x0000000000002aa6        0x2 
 .text.startup.main
                0x0000000000002aa8       0x40 /home/gomofob/Projects/Arduino/nano_33_iot/build/core/core.a(main.cpp.o)
                0x0000000000002aa8                main
 .text.SystemInit
                0x0000000000002ae8      0x194 /home/gomofob/Projects/Arduino/nano_33_iot/build/core/core.a(startup.c.o)
                0x0000000000002ae8                SystemInit
 .text.init     0x0000000000002c7c       0xf0 /home/gomofob/Projects/Arduino/nano_33_iot/build/core/core.a(wiring.c.o)
                0x0000000000002c7c                init
 .text.analogReference
                0x0000000000002d6c       0x64 /home/gomofob/Projects/Arduino/nano_33_iot/build/core/core.a(wiring_analog.c.o)
                0x0000000000002d6c                analogReference
 .text.pinMode  0x0000000000002dd0       0x98 /home/gomofob/Projects/Arduino/nano_33_iot/build/core/core.a(wiring_digital.c.o)
                0x0000000000002dd0                pinMode
 .text.digitalWrite
                0x0000000000002e68       0x58 /home/gomofob/Projects/Arduino/nano_33_iot/build/core/core.a(wiring_digital.c.o)
                0x0000000000002e68                digitalWrite
 .text.pinPeripheral
                0x0000000000002ec0       0xc0 /home/gomofob/Projects/Arduino/nano_33_iot/build/core/core.a(wiring_private.c.o)
                0x0000000000002ec0                pinPeripheral
 .text.initiateReset
                0x0000000000002f80       0x14 /home/gomofob/Projects/Arduino/nano_33_iot/build/core/core.a(Reset.cpp.o)
                0x0000000000002f80                initiateReset
 .text.cancelReset
                0x0000000000002f94       0x10 /home/gomofob/Projects/Arduino/nano_33_iot/build/core/core.a(Reset.cpp.o)
                0x0000000000002f94                cancelReset
 .text.tickReset
                0x0000000000002fa4       0x78 /home/gomofob/Projects/Arduino/nano_33_iot/build/core/core.a(Reset.cpp.o)
                0x0000000000002fa4                tickReset
 .text._ZN26DoubleBufferedEPOutHandlerD2Ev
                0x000000000000301c        0x2 /home/gomofob/Projects/Arduino/nano_33_iot/build/core/core.a(USBCore.cpp.o)
                0x000000000000301c                DoubleBufferedEPOutHandler::~DoubleBufferedEPOutHandler()
                0x000000000000301c                DoubleBufferedEPOutHandler::~DoubleBufferedEPOutHandler()
 .text._ZN26DoubleBufferedEPOutHandlerD0Ev
                0x000000000000301e        0xc /home/gomofob/Projects/Arduino/nano_33_iot/build/core/core.a(USBCore.cpp.o)
                0x000000000000301e                DoubleBufferedEPOutHandler::~DoubleBufferedEPOutHandler()
 *fill*         0x000000000000302a        0x2 
 .text._ZN14USBDeviceClass6initEPEmm.part.7
                0x000000000000302c       0xc4 /home/gomofob/Projects/Arduino/nano_33_iot/build/core/core.a(USBCore.cpp.o)
 .text._ZN7__GuardC2Ev
                0x00000000000030f0        0xe /home/gomofob/Projects/Arduino/nano_33_iot/build/core/core.a(USBCore.cpp.o)
                0x00000000000030f0                __Guard::__Guard()
                0x00000000000030f0                __Guard::__Guard()
 .text._ZNK26DoubleBufferedEPOutHandler10_availableEv
                0x00000000000030fe       0x70 /home/gomofob/Projects/Arduino/nano_33_iot/build/core/core.a(USBCore.cpp.o)
                0x00000000000030fe                DoubleBufferedEPOutHandler::_available() const
 *fill*         0x000000000000316e        0x2 
 .text._ZN26DoubleBufferedEPOutHandler7releaseEv
                0x0000000000003170       0x38 /home/gomofob/Projects/Arduino/nano_33_iot/build/core/core.a(USBCore.cpp.o)
                0x0000000000003170                DoubleBufferedEPOutHandler::release()
 .text._ZN26DoubleBufferedEPOutHandler14handleEndpointEv
                0x00000000000031a8       0xe2 /home/gomofob/Projects/Arduino/nano_33_iot/build/core/core.a(USBCore.cpp.o)
                0x00000000000031a8                DoubleBufferedEPOutHandler::handleEndpoint()
 .text._ZN14USBDeviceClass14SendInterfacesEPm
                0x000000000000328a       0x20 /home/gomofob/Projects/Arduino/nano_33_iot/build/core/core.a(USBCore.cpp.o)
                0x000000000000328a                USBDeviceClass::SendInterfaces(unsigned long*)
 *fill*         0x00000000000032aa        0x2 
 .text._ZN14USBDeviceClass6attachEv
                0x00000000000032ac       0x34 /home/gomofob/Projects/Arduino/nano_33_iot/build/core/core.a(USBCore.cpp.o)
                0x00000000000032ac                USBDeviceClass::attach()
 .text._ZN14USBDeviceClass10setAddressEm
                0x00000000000032e0       0x48 /home/gomofob/Projects/Arduino/nano_33_iot/build/core/core.a(USBCore.cpp.o)
                0x00000000000032e0                USBDeviceClass::setAddress(unsigned long)
 .text._ZN14USBDeviceClass25handleClassInterfaceSetupERN7arduino8USBSetupE
                0x0000000000003328       0x24 /home/gomofob/Projects/Arduino/nano_33_iot/build/core/core.a(USBCore.cpp.o)
                0x0000000000003328                USBDeviceClass::handleClassInterfaceSetup(arduino::USBSetup&)
 .text._ZN14USBDeviceClass6initEPEmm
                0x000000000000334c      0x10c /home/gomofob/Projects/Arduino/nano_33_iot/build/core/core.a(USBCore.cpp.o)
                0x000000000000334c                USBDeviceClass::initEP(unsigned long, unsigned long)
 .text._ZN14USBDeviceClass13initEndpointsEv
                0x0000000000003458       0x24 /home/gomofob/Projects/Arduino/nano_33_iot/build/core/core.a(USBCore.cpp.o)
                0x0000000000003458                USBDeviceClass::initEndpoints()
 .text._ZN14USBDeviceClass5clearEm
                0x000000000000347c       0x38 /home/gomofob/Projects/Arduino/nano_33_iot/build/core/core.a(USBCore.cpp.o)
                0x000000000000347c                USBDeviceClass::clear(unsigned long)
 .text._ZN14USBDeviceClass9availableEm
                0x00000000000034b4       0x2c /home/gomofob/Projects/Arduino/nano_33_iot/build/core/core.a(USBCore.cpp.o)
                0x00000000000034b4                USBDeviceClass::available(unsigned long)
 .text._ZN14USBDeviceClass5flushEm
                0x00000000000034e0       0x2c /home/gomofob/Projects/Arduino/nano_33_iot/build/core/core.a(USBCore.cpp.o)
                0x00000000000034e0                USBDeviceClass::flush(unsigned long)
 .text._ZN14USBDeviceClass4recvEmPvm
                0x000000000000350c       0xc0 /home/gomofob/Projects/Arduino/nano_33_iot/build/core/core.a(USBCore.cpp.o)
                0x000000000000350c                USBDeviceClass::recv(unsigned long, void*, unsigned long)
 .text._ZN14USBDeviceClass4recvEm
                0x00000000000035cc       0x1c /home/gomofob/Projects/Arduino/nano_33_iot/build/core/core.a(USBCore.cpp.o)
                0x00000000000035cc                USBDeviceClass::recv(unsigned long)
 .text._ZN14USBDeviceClass14armRecvCtrlOUTEm
                0x00000000000035e8       0x5c /home/gomofob/Projects/Arduino/nano_33_iot/build/core/core.a(USBCore.cpp.o)
                0x00000000000035e8                USBDeviceClass::armRecvCtrlOUT(unsigned long)
 .text._ZN14USBDeviceClass11recvControlEPvm
                0x0000000000003644       0x28 /home/gomofob/Projects/Arduino/nano_33_iot/build/core/core.a(USBCore.cpp.o)
                0x0000000000003644                USBDeviceClass::recvControl(void*, unsigned long)
 .text._ZN14USBDeviceClass4sendEmPKvm
                0x000000000000366c      0x10c /home/gomofob/Projects/Arduino/nano_33_iot/build/core/core.a(USBCore.cpp.o)
                0x000000000000366c                USBDeviceClass::send(unsigned long, void const*, unsigned long)
 .text._ZN14USBDeviceClass7armSendEmPKvm
                0x0000000000003778       0x48 /home/gomofob/Projects/Arduino/nano_33_iot/build/core/core.a(USBCore.cpp.o)
                0x0000000000003778                USBDeviceClass::armSend(unsigned long, void const*, unsigned long)
 .text._ZN14USBDeviceClass11sendControlEPKvm
                0x00000000000037c0       0x54 /home/gomofob/Projects/Arduino/nano_33_iot/build/core/core.a(USBCore.cpp.o)
                0x00000000000037c0                USBDeviceClass::sendControl(void const*, unsigned long)
 .text._ZN14USBDeviceClass20sendStringDescriptorEPKhm
                0x0000000000003814       0x64 /home/gomofob/Projects/Arduino/nano_33_iot/build/core/core.a(USBCore.cpp.o)
                0x0000000000003814                USBDeviceClass::sendStringDescriptor(unsigned char const*, unsigned long)
 .text._ZN14USBDeviceClass17sendConfigurationEm
                0x0000000000003878       0x80 /home/gomofob/Projects/Arduino/nano_33_iot/build/core/core.a(USBCore.cpp.o)
                0x0000000000003878                USBDeviceClass::sendConfiguration(unsigned long)
 .text._ZN14USBDeviceClass14sendDescriptorERN7arduino8USBSetupE
                0x00000000000038f8       0xd8 /home/gomofob/Projects/Arduino/nano_33_iot/build/core/core.a(USBCore.cpp.o)
                0x00000000000038f8                USBDeviceClass::sendDescriptor(arduino::USBSetup&)
 .text._ZN14USBDeviceClass7sendZlpEm
                0x00000000000039d0       0x18 /home/gomofob/Projects/Arduino/nano_33_iot/build/core/core.a(USBCore.cpp.o)
                0x00000000000039d0                USBDeviceClass::sendZlp(unsigned long)
 .text._ZN14USBDeviceClass19handleStandardSetupERN7arduino8USBSetupE
                0x00000000000039e8       0xf0 /home/gomofob/Projects/Arduino/nano_33_iot/build/core/core.a(USBCore.cpp.o)
                0x00000000000039e8                USBDeviceClass::handleStandardSetup(arduino::USBSetup&)
 .text._ZN14USBDeviceClass10ISRHandlerEv
                0x0000000000003ad8      0x108 /home/gomofob/Projects/Arduino/nano_33_iot/build/core/core.a(USBCore.cpp.o)
                0x0000000000003ad8                USBDeviceClass::ISRHandler()
 .text.UDD_Handler
                0x0000000000003be0       0x10 /home/gomofob/Projects/Arduino/nano_33_iot/build/core/core.a(USBCore.cpp.o)
                0x0000000000003be0                UDD_Handler
 .text._ZN7arduino13PluggableUSB_C2Ev
                0x0000000000003bf0       0x10 /home/gomofob/Projects/Arduino/nano_33_iot/build/core/core.a(USBCore.cpp.o)
                0x0000000000003bf0                arduino::PluggableUSB_::PluggableUSB_()
                0x0000000000003bf0                arduino::PluggableUSB_::PluggableUSB_()
 .text._Z8epBufferj
                0x0000000000003c00        0xc /home/gomofob/Projects/Arduino/nano_33_iot/build/core/core.a(USBCore.cpp.o)
                0x0000000000003c00                epBuffer(unsigned int)
 .text._ZN7arduino11RingBufferNILi64EE10store_charEh
                0x0000000000003c0c       0x1c /home/gomofob/Projects/Arduino/nano_33_iot/build/core/core.a(USBCore.cpp.o)
                0x0000000000003c0c                arduino::RingBufferN<64>::store_char(unsigned char)
 .text._ZN26DoubleBufferedEPOutHandler5_recvEv
                0x0000000000003c28      0x15e /home/gomofob/Projects/Arduino/nano_33_iot/build/core/core.a(USBCore.cpp.o)
                0x0000000000003c28                DoubleBufferedEPOutHandler::_recv()
 .text._ZN26DoubleBufferedEPOutHandler9availableEv
                0x0000000000003d86        0xc /home/gomofob/Projects/Arduino/nano_33_iot/build/core/core.a(USBCore.cpp.o)
                0x0000000000003d86                DoubleBufferedEPOutHandler::available()
 .text._ZN26DoubleBufferedEPOutHandler4peekEv
                0x0000000000003d92       0x1c /home/gomofob/Projects/Arduino/nano_33_iot/build/core/core.a(USBCore.cpp.o)
                0x0000000000003d92                DoubleBufferedEPOutHandler::peek()
 .text._ZN26DoubleBufferedEPOutHandler4recvEPvm
                0x0000000000003dae       0x60 /home/gomofob/Projects/Arduino/nano_33_iot/build/core/core.a(USBCore.cpp.o)
                0x0000000000003dae                DoubleBufferedEPOutHandler::recv(void*, unsigned long)
 *fill*         0x0000000000003e0e        0x2 
 .text.startup._GLOBAL__sub_I_usbd
                0x0000000000003e10       0x10 /home/gomofob/Projects/Arduino/nano_33_iot/build/core/core.a(USBCore.cpp.o)
 .text._ZN14USBDeviceClass4initEv
                0x0000000000003e20      0x15c /home/gomofob/Projects/Arduino/nano_33_iot/build/core/core.a(USBCore.cpp.o)
                0x0000000000003e20                USBDeviceClass::init()
 .text._ZN7arduino13PluggableUSB_12getInterfaceEPh
                0x0000000000003f7c       0x28 /home/gomofob/Projects/Arduino/nano_33_iot/build/core/core.a(PluggableUSB.cpp.o)
                0x0000000000003f7c                arduino::PluggableUSB_::getInterface(unsigned char*)
 .text._ZN7arduino13PluggableUSB_13getDescriptorERNS_8USBSetupE
                0x0000000000003fa4       0x20 /home/gomofob/Projects/Arduino/nano_33_iot/build/core/core.a(PluggableUSB.cpp.o)
                0x0000000000003fa4                arduino::PluggableUSB_::getDescriptor(arduino::USBSetup&)
 .text._ZN7arduino13PluggableUSB_12getShortNameEPc
                0x0000000000003fc4       0x1e /home/gomofob/Projects/Arduino/nano_33_iot/build/core/core.a(PluggableUSB.cpp.o)
                0x0000000000003fc4                arduino::PluggableUSB_::getShortName(char*)
 .text._ZN7arduino13PluggableUSB_5setupERNS_8USBSetupE
                0x0000000000003fe2       0x20 /home/gomofob/Projects/Arduino/nano_33_iot/build/core/core.a(PluggableUSB.cpp.o)
                0x0000000000003fe2                arduino::PluggableUSB_::setup(arduino::USBSetup&)
 .text._ZN7arduino13PluggableUSB_4plugEPNS_18PluggableUSBModuleE
                0x0000000000004002       0x5c /home/gomofob/Projects/Arduino/nano_33_iot/build/core/core.a(PluggableUSB.cpp.o)
                0x0000000000004002                arduino::PluggableUSB_::plug(arduino::PluggableUSBModule*)
 *fill*         0x000000000000405e        0x2 
 .text._Z12PluggableUSBv
                0x0000000000004060       0x24 /home/gomofob/Projects/Arduino/nano_33_iot/build/core/core.a(PluggableUSB.cpp.o)
                0x0000000000004060                PluggableUSB()
 .text._Znwj    0x0000000000004084        0x8 /home/gomofob/Projects/Arduino/nano_33_iot/build/core/core.a(new.cpp.o)
                0x0000000000004084                operator new(unsigned int)
 .text._ZdlPv   0x000000000000408c        0x8 /home/gomofob/Projects/Arduino/nano_33_iot/build/core/core.a(new.cpp.o)
                0x000000000000408c                operator delete(void*)
 .text._ZN7Serial_13getDescriptorERN7arduino8USBSetupE
                0x0000000000004094        0x4 /home/gomofob/Projects/Arduino/nano_33_iot/build/core/core.a(CDC.cpp.o)
                0x0000000000004094                Serial_::getDescriptor(arduino::USBSetup&)
 .text._ZL5utox8mPc
                0x0000000000004098       0x24 /home/gomofob/Projects/Arduino/nano_33_iot/build/core/core.a(CDC.cpp.o)
 .text._ZN7Serial_12getShortNameEPc
                0x00000000000040bc       0x44 /home/gomofob/Projects/Arduino/nano_33_iot/build/core/core.a(CDC.cpp.o)
                0x00000000000040bc                Serial_::getShortName(char*)
 .text._ZThn16_N7Serial_12getShortNameEPc
                0x0000000000004100       0x10 /home/gomofob/Projects/Arduino/nano_33_iot/build/core/core.a(CDC.cpp.o)
                0x0000000000004100                non-virtual thunk to Serial_::getShortName(char*)
 .text._ZN7Serial_5beginEm
                0x0000000000004110        0x2 /home/gomofob/Projects/Arduino/nano_33_iot/build/core/core.a(CDC.cpp.o)
                0x0000000000004110                Serial_::begin(unsigned long)
 .text._ZN7Serial_5beginEmt
                0x0000000000004112        0x2 /home/gomofob/Projects/Arduino/nano_33_iot/build/core/core.a(CDC.cpp.o)
                0x0000000000004112                Serial_::begin(unsigned long, unsigned short)
 .text._ZN7Serial_17availableForWriteEv
                0x0000000000004114        0x4 /home/gomofob/Projects/Arduino/nano_33_iot/build/core/core.a(CDC.cpp.o)
                0x0000000000004114                Serial_::availableForWrite()
 .text._ZN7Serial_5writeEh
                0x0000000000004118       0x14 /home/gomofob/Projects/Arduino/nano_33_iot/build/core/core.a(CDC.cpp.o)
                0x0000000000004118                Serial_::write(unsigned char)
 .text._ZN7Serial_12getInterfaceEPh
                0x000000000000412c      0x11c /home/gomofob/Projects/Arduino/nano_33_iot/build/core/core.a(CDC.cpp.o)
                0x000000000000412c                Serial_::getInterface(unsigned char*)
 .text._ZThn16_N7Serial_12getInterfaceEPh
                0x0000000000004248       0x10 /home/gomofob/Projects/Arduino/nano_33_iot/build/core/core.a(CDC.cpp.o)
                0x0000000000004248                non-virtual thunk to Serial_::getInterface(unsigned char*)
 .text._ZN7Serial_5setupERN7arduino8USBSetupE
                0x0000000000004258       0x98 /home/gomofob/Projects/Arduino/nano_33_iot/build/core/core.a(CDC.cpp.o)
                0x0000000000004258                Serial_::setup(arduino::USBSetup&)
 .text._ZThn16_N7Serial_5setupERN7arduino8USBSetupE
                0x00000000000042f0       0x10 /home/gomofob/Projects/Arduino/nano_33_iot/build/core/core.a(CDC.cpp.o)
                0x00000000000042f0                non-virtual thunk to Serial_::setup(arduino::USBSetup&)
 .text._ZN7Serial_3endEv
                0x0000000000004300       0x14 /home/gomofob/Projects/Arduino/nano_33_iot/build/core/core.a(CDC.cpp.o)
                0x0000000000004300                Serial_::end()
 .text._ZN7Serial_9availableEv
                0x0000000000004314       0x20 /home/gomofob/Projects/Arduino/nano_33_iot/build/core/core.a(CDC.cpp.o)
                0x0000000000004314                Serial_::available()
 .text._ZN7Serial_5flushEv
                0x0000000000004334        0xe /home/gomofob/Projects/Arduino/nano_33_iot/build/core/core.a(CDC.cpp.o)
                0x0000000000004334                Serial_::flush()
 .text._ZN7Serial_5clearEv
                0x0000000000004342        0xe /home/gomofob/Projects/Arduino/nano_33_iot/build/core/core.a(CDC.cpp.o)
                0x0000000000004342                Serial_::clear()
 .text._ZN7Serial_5writeEPKhj
                0x0000000000004350       0x1e /home/gomofob/Projects/Arduino/nano_33_iot/build/core/core.a(CDC.cpp.o)
                0x0000000000004350                Serial_::write(unsigned char const*, unsigned int)
 *fill*         0x000000000000436e        0x2 
 .text._ZN7Serial_4peekEv
                0x0000000000004370       0x1c /home/gomofob/Projects/Arduino/nano_33_iot/build/core/core.a(CDC.cpp.o)
                0x0000000000004370                Serial_::peek()
 .text._ZN7Serial_4readEv
                0x000000000000438c       0x24 /home/gomofob/Projects/Arduino/nano_33_iot/build/core/core.a(CDC.cpp.o)
                0x000000000000438c                Serial_::read()
 .text._ZN7Serial_cvbEv
                0x00000000000043b0       0x28 /home/gomofob/Projects/Arduino/nano_33_iot/build/core/core.a(CDC.cpp.o)
                0x00000000000043b0                Serial_::operator bool()
 .text._ZThn16_N7Serial_13getDescriptorERN7arduino8USBSetupE
                0x00000000000043d8        0x4 /home/gomofob/Projects/Arduino/nano_33_iot/build/core/core.a(CDC.cpp.o)
                0x00000000000043d8                non-virtual thunk to Serial_::getDescriptor(arduino::USBSetup&)
 .text._ZN7Serial_14handleEndpointEi
                0x00000000000043dc        0x2 /home/gomofob/Projects/Arduino/nano_33_iot/build/core/core.a(CDC.cpp.o)
                0x00000000000043dc                Serial_::handleEndpoint(int)
 *fill*         0x00000000000043de        0x2 
 .text._ZN7Serial_C2ER14USBDeviceClass
                0x00000000000043e0       0x50 /home/gomofob/Projects/Arduino/nano_33_iot/build/core/core.a(CDC.cpp.o)
                0x00000000000043e0                Serial_::Serial_(USBDeviceClass&)
                0x00000000000043e0                Serial_::Serial_(USBDeviceClass&)
 .text._ZN7Serial_15enableInterruptEv
                0x0000000000004430       0x30 /home/gomofob/Projects/Arduino/nano_33_iot/build/core/core.a(CDC.cpp.o)
                0x0000000000004430                Serial_::enableInterrupt()
 .text.startup._GLOBAL__sub_I__ZN7Serial_12getInterfaceEPh
                0x0000000000004460       0x14 /home/gomofob/Projects/Arduino/nano_33_iot/build/core/core.a(CDC.cpp.o)
 .text          0x0000000000004474       0x14 /home/gomofob/.arduino15/packages/arduino/tools/arm-none-eabi-gcc/7-2017q4/bin/../lib/gcc/arm-none-eabi/7.2.1/thumb/v6-m/libgcc.a(_thumb1_case_uqi.o)
                0x0000000000004474                __gnu_thumb1_case_uqi
 .text          0x0000000000004488      0x114 /home/gomofob/.arduino15/packages/arduino/tools/arm-none-eabi-gcc/7-2017q4/bin/../lib/gcc/arm-none-eabi/7.2.1/thumb/v6-m/libgcc.a(_udivsi3.o)
                0x0000000000004488                __udivsi3
                0x0000000000004488                __aeabi_uidiv
                0x0000000000004594                __aeabi_uidivmod
 .text          0x000000000000459c        0x4 /home/gomofob/.arduino15/packages/arduino/tools/arm-none-eabi-gcc/7-2017q4/bin/../lib/gcc/arm-none-eabi/7.2.1/thumb/v6-m/libgcc.a(_dvmd_tls.o)
                0x000000000000459c                __aeabi_ldiv0
                0x000000000000459c                __aeabi_idiv0
 .text.__libc_init_array
                0x00000000000045a0       0x48 /home/gomofob/.arduino15/packages/arduino/tools/arm-none-eabi-gcc/7-2017q4/bin/../lib/gcc/arm-none-eabi/7.2.1/../../../../arm-none-eabi/lib/thumb/v6-m/libc_nano.a(lib_a-init.o)
                0x00000000000045a0                __libc_init_array
 .text.malloc   0x00000000000045e8       0x14 /home/gomofob/.arduino15/packages/arduino/tools/arm-none-eabi-gcc/7-2017q4/bin/../lib/gcc/arm-none-eabi/7.2.1/../../../../arm-none-eabi/lib/thumb/v6-m/libc_nano.a(lib_a-malloc.o)
                0x00000000000045e8                malloc
 .text.free     0x00000000000045fc       0x14 /home/gomofob/.arduino15/packages/arduino/tools/arm-none-eabi-gcc/7-2017q4/bin/../lib/gcc/arm-none-eabi/7.2.1/../../../../arm-none-eabi/lib/thumb/v6-m/libc_nano.a(lib_a-malloc.o)
                0x00000000000045fc                free
 .text.memcpy   0x0000000000004610       0x12 /home/gomofob/.arduino15/packages/arduino/tools/arm-none-eabi-gcc/7-2017q4/bin/../lib/gcc/arm-none-eabi/7.2.1/../../../../arm-none-eabi/lib/thumb/v6-m/libc_nano.a(lib_a-memcpy-stub.o)
                0x0000000000004610                memcpy
 .text.memset   0x0000000000004622       0x10 /home/gomofob/.arduino15/packages/arduino/tools/arm-none-eabi-gcc/7-2017q4/bin/../lib/gcc/arm-none-eabi/7.2.1/../../../../arm-none-eabi/lib/thumb/v6-m/libc_nano.a(lib_a-memset.o)
                0x0000000000004622                memset
 *fill*         0x0000000000004632        0x2 
 .text._free_r  0x0000000000004634       0x94 /home/gomofob/.arduino15/packages/arduino/tools/arm-none-eabi-gcc/7-2017q4/bin/../lib/gcc/arm-none-eabi/7.2.1/../../../../arm-none-eabi/lib/thumb/v6-m/libc_nano.a(lib_a-nano-freer.o)
                0x0000000000004634                _free_r
 .text._malloc_r
                0x00000000000046c8       0xbc /home/gomofob/.arduino15/packages/arduino/tools/arm-none-eabi-gcc/7-2017q4/bin/../lib/gcc/arm-none-eabi/7.2.1/../../../../arm-none-eabi/lib/thumb/v6-m/libc_nano.a(lib_a-nano-mallocr.o)
                0x00000000000046c8                _malloc_r
 .text._sbrk_r  0x0000000000004784       0x24 /home/gomofob/.arduino15/packages/arduino/tools/arm-none-eabi-gcc/7-2017q4/bin/../lib/gcc/arm-none-eabi/7.2.1/../../../../arm-none-eabi/lib/thumb/v6-m/libc_nano.a(lib_a-sbrkr.o)
                0x0000000000004784                _sbrk_r
 .text          0x00000000000047a8        0xe /home/gomofob/.arduino15/packages/arduino/tools/arm-none-eabi-gcc/7-2017q4/bin/../lib/gcc/arm-none-eabi/7.2.1/../../../../arm-none-eabi/lib/thumb/v6-m/libc_nano.a(lib_a-strlen.o)
                0x00000000000047a8                strlen
 .text.__malloc_lock
                0x00000000000047b6        0x2 /home/gomofob/.arduino15/packages/arduino/tools/arm-none-eabi-gcc/7-2017q4/bin/../lib/gcc/arm-none-eabi/7.2.1/../../../../arm-none-eabi/lib/thumb/v6-m/libc_nano.a(lib_a-mlock.o)
                0x00000000000047b6                __malloc_lock
 .text.__malloc_unlock
                0x00000000000047b8        0x2 /home/gomofob/.arduino15/packages/arduino/tools/arm-none-eabi-gcc/7-2017q4/bin/../lib/gcc/arm-none-eabi/7.2.1/../../../../arm-none-eabi/lib/thumb/v6-m/libc_nano.a(lib_a-mlock.o)
                0x00000000000047b8                __malloc_unlock
 *fill*         0x00000000000047ba        0x2 
 .text._sbrk    0x00000000000047bc       0x1c /home/gomofob/.arduino15/packages/arduino/tools/arm-none-eabi-gcc/7-2017q4/bin/../lib/gcc/arm-none-eabi/7.2.1/../../../../arm-none-eabi/lib/thumb/v6-m/libnosys.a(sbrk.o)
                0x00000000000047bc                _sbrk
 *(.init)
 .init          0x00000000000047d8        0x4 /home/gomofob/.arduino15/packages/arduino/tools/arm-none-eabi-gcc/7-2017q4/bin/../lib/gcc/arm-none-eabi/7.2.1/thumb/v6-m/crti.o
                0x00000000000047d8                _init
 .init          0x00000000000047dc        0x8 /home/gomofob/.arduino15/packages/arduino/tools/arm-none-eabi-gcc/7-2017q4/bin/../lib/gcc/arm-none-eabi/7.2.1/thumb/v6-m/crtn.o
 *(.fini)
 .fini          0x00000000000047e4        0x4 /home/gomofob/.arduino15/packages/arduino/tools/arm-none-eabi-gcc/7-2017q4/bin/../lib/gcc/arm-none-eabi/7.2.1/thumb/v6-m/crti.o
                0x00000000000047e4                _fini
 .fini          0x00000000000047e8        0x8 /home/gomofob/.arduino15/packages/arduino/tools/arm-none-eabi-gcc/7-2017q4/bin/../lib/gcc/arm-none-eabi/7.2.1/thumb/v6-m/crtn.o
 *crtbegin.o(.ctors)
 *crtbegin?.o(.ctors)
 *(EXCLUDE_FILE(*crtend.o *crtend?.o) .ctors)
 *(SORT_BY_NAME(.ctors.*))
 *(.ctors)
 *crtbegin.o(.dtors)
 *crtbegin?.o(.dtors)
 *(EXCLUDE_FILE(*crtend.o *crtend?.o) .dtors)
 *(SORT_BY_NAME(.dtors.*))
 *(.dtors)
 *(.rodata*)
 .rodata.g_APinDescription
                0x00000000000047f0      0x318 /home/gomofob/Projects/Arduino/nano_33_iot/build/core/variant.cpp.o
                0x00000000000047f0                g_APinDescription
 .rodata._ZTV4Uart
                0x0000000000004b08       0x34 /home/gomofob/Projects/Arduino/nano_33_iot/build/core/core.a(Uart.cpp.o)
                0x0000000000004b08                vtable for Uart
 .rodata._ZTV26DoubleBufferedEPOutHandler
                0x0000000000004b3c       0x24 /home/gomofob/Projects/Arduino/nano_33_iot/build/core/core.a(USBCore.cpp.o)
                0x0000000000004b3c                vtable for DoubleBufferedEPOutHandler
 .rodata._ZL14STRING_PRODUCT
                0x0000000000004b60       0x14 /home/gomofob/Projects/Arduino/nano_33_iot/build/core/core.a(USBCore.cpp.o)
 .rodata._ZL15STRING_LANGUAGE
                0x0000000000004b74        0x4 /home/gomofob/Projects/Arduino/nano_33_iot/build/core/core.a(USBCore.cpp.o)
 .rodata._ZL19STRING_MANUFACTURER
                0x0000000000004b78        0xc /home/gomofob/Projects/Arduino/nano_33_iot/build/core/core.a(USBCore.cpp.o)
 .rodata._ZL21USB_DeviceDescriptorB
                0x0000000000004b84       0x12 /home/gomofob/Projects/Arduino/nano_33_iot/build/core/core.a(USBCore.cpp.o)
 *fill*         0x0000000000004b96        0x2 
 .rodata._ZTV7Serial_
                0x0000000000004b98       0x60 /home/gomofob/Projects/Arduino/nano_33_iot/build/core/core.a(CDC.cpp.o)
                0x0000000000004b98                vtable for Serial_
 *(.eh_frame*)
 .eh_frame      0x0000000000004bf8        0x0 /home/gomofob/.arduino15/packages/arduino/tools/arm-none-eabi-gcc/7-2017q4/bin/../lib/gcc/arm-none-eabi/7.2.1/thumb/v6-m/crtbegin.o
 .eh_frame      0x0000000000004bf8        0x4 /home/gomofob/.arduino15/packages/arduino/tools/arm-none-eabi-gcc/7-2017q4/bin/../lib/gcc/arm-none-eabi/7.2.1/thumb/v6-m/crtend.o

.glue_7         0x0000000000004bfc        0x0
 .glue_7        0x0000000000004bfc        0x0 linker stubs

.glue_7t        0x0000000000004bfc        0x0
 .glue_7t       0x0000000000004bfc        0x0 linker stubs

.vfp11_veneer   0x0000000000004bfc        0x0
 .vfp11_veneer  0x0000000000004bfc        0x0 linker stubs

.v4_bx          0x0000000000004bfc        0x0
 .v4_bx         0x0000000000004bfc        0x0 linker stubs

.iplt           0x0000000000004bfc        0x0
 .iplt          0x0000000000004bfc        0x0 /home/gomofob/.arduino15/packages/arduino/tools/arm-none-eabi-gcc/7-2017q4/bin/../lib/gcc/arm-none-eabi/7.2.1/thumb/v6-m/crtbegin.o

.rel.dyn        0x0000000000004bfc        0x0
 .rel.iplt      0x0000000000004bfc        0x0 /home/gomofob/.arduino15/packages/arduino/tools/arm-none-eabi-gcc/7-2017q4/bin/../lib/gcc/arm-none-eabi/7.2.1/thumb/v6-m/crtbegin.o

.ARM.extab
 *(.ARM.extab* .gnu.linkonce.armextab.*)
                0x0000000000004bfc                __exidx_start = .

.ARM.exidx
 *(.ARM.exidx* .gnu.linkonce.armexidx.*)
                0x0000000000004bfc                __exidx_end = .
                0x0000000000004bfc                __etext = .

.data           0x0000000020000000       0x90 load address 0x0000000000004bfc
                0x0000000020000000                __data_start__ = .
 *(vtable)
 *(.data*)
 .data.SystemCoreClock
                0x0000000020000000        0x4 /home/gomofob/Projects/Arduino/nano_33_iot/build/core/core.a(wiring.c.o)
                0x0000000020000000                SystemCoreClock
 .data._ZL5ticks
                0x0000000020000004        0x4 /home/gomofob/Projects/Arduino/nano_33_iot/build/core/core.a(Reset.cpp.o)
 .data._ZL10breakValue
                0x0000000020000008        0x4 /home/gomofob/Projects/Arduino/nano_33_iot/build/core/core.a(CDC.cpp.o)
 .data._ZL12_usbLineInfo
                0x000000002000000c        0x8 /home/gomofob/Projects/Arduino/nano_33_iot/build/core/core.a(CDC.cpp.o)
 .data._serialPeek
                0x0000000020000014        0x4 /home/gomofob/Projects/Arduino/nano_33_iot/build/core/core.a(CDC.cpp.o)
                0x0000000020000014                _serialPeek
 .data._impure_ptr
                0x0000000020000018        0x4 /home/gomofob/.arduino15/packages/arduino/tools/arm-none-eabi-gcc/7-2017q4/bin/../lib/gcc/arm-none-eabi/7.2.1/../../../../arm-none-eabi/lib/thumb/v6-m/libc_nano.a(lib_a-impure.o)
                0x0000000020000018                _impure_ptr
 .data.impure_data
                0x000000002000001c       0x60 /home/gomofob/.arduino15/packages/arduino/tools/arm-none-eabi-gcc/7-2017q4/bin/../lib/gcc/arm-none-eabi/7.2.1/../../../../arm-none-eabi/lib/thumb/v6-m/libc_nano.a(lib_a-impure.o)
                0x000000002000007c                . = ALIGN (0x4)
                0x000000002000007c                PROVIDE (__preinit_array_start, .)
 *(.preinit_array)
                0x000000002000007c                PROVIDE (__preinit_array_end, .)
                0x000000002000007c                . = ALIGN (0x4)
                0x000000002000007c                PROVIDE (__init_array_start, .)
 *(SORT_BY_NAME(.init_array.*))
 *(.init_array)
 .init_array    0x000000002000007c        0x4 /home/gomofob/.arduino15/packages/arduino/tools/arm-none-eabi-gcc/7-2017q4/bin/../lib/gcc/arm-none-eabi/7.2.1/thumb/v6-m/crtbegin.o
 .init_array    0x0000000020000080        0x4 /home/gomofob/Projects/Arduino/nano_33_iot/build/core/variant.cpp.o
 .init_array    0x0000000020000084        0x4 /home/gomofob/Projects/Arduino/nano_33_iot/build/core/core.a(USBCore.cpp.o)
 .init_array    0x0000000020000088        0x4 /home/gomofob/Projects/Arduino/nano_33_iot/build/core/core.a(CDC.cpp.o)
                0x000000002000008c                PROVIDE (__init_array_end, .)
                0x000000002000008c                . = ALIGN (0x4)
                [!provide]                        PROVIDE (__fini_array_start, .)
 *(SORT_BY_NAME(.fini_array.*))
 *(.fini_array)
 .fini_array    0x000000002000008c        0x4 /home/gomofob/.arduino15/packages/arduino/tools/arm-none-eabi-gcc/7-2017q4/bin/../lib/gcc/arm-none-eabi/7.2.1/thumb/v6-m/crtbegin.o
                [!provide]                        PROVIDE (__fini_array_end, .)
 *(.jcr*)
                0x0000000020000090                . = ALIGN (0x4)
                0x0000000020000090                __data_end__ = .

.igot.plt       0x0000000020000090        0x0 load address 0x0000000000004c8c
 .igot.plt      0x0000000020000090        0x0 /home/gomofob/.arduino15/packages/arduino/tools/arm-none-eabi-gcc/7-2017q4/bin/../lib/gcc/arm-none-eabi/7.2.1/thumb/v6-m/crtbegin.o

.bss            0x0000000020000090      0xd58 load address 0x0000000000004c8c
                0x0000000020000090                . = ALIGN (0x4)
                0x0000000020000090                __bss_start__ = .
 *(.bss*)
 .bss           0x0000000020000090       0x1c /home/gomofob/.arduino15/packages/arduino/tools/arm-none-eabi-gcc/7-2017q4/bin/../lib/gcc/arm-none-eabi/7.2.1/thumb/v6-m/crtbegin.o
 .bss.Serial1   0x00000000200000ac      0x244 /home/gomofob/Projects/Arduino/nano_33_iot/build/core/variant.cpp.o
                0x00000000200000ac                Serial1
 .bss.Serial2   0x00000000200002f0      0x244 /home/gomofob/Projects/Arduino/nano_33_iot/build/core/variant.cpp.o
                0x00000000200002f0                Serial2
 .bss.SerialHCI
                0x0000000020000534      0x244 /home/gomofob/Projects/Arduino/nano_33_iot/build/core/variant.cpp.o
                0x0000000020000534                SerialHCI
 .bss.sercom0   0x0000000020000778        0x8 /home/gomofob/Projects/Arduino/nano_33_iot/build/core/variant.cpp.o
                0x0000000020000778                sercom0
 .bss.sercom1   0x0000000020000780        0x8 /home/gomofob/Projects/Arduino/nano_33_iot/build/core/variant.cpp.o
                0x0000000020000780                sercom1
 .bss.sercom2   0x0000000020000788        0x8 /home/gomofob/Projects/Arduino/nano_33_iot/build/core/variant.cpp.o
                0x0000000020000788                sercom2
 .bss.sercom3   0x0000000020000790        0x8 /home/gomofob/Projects/Arduino/nano_33_iot/build/core/variant.cpp.o
                0x0000000020000790                sercom3
 .bss.sercom4   0x0000000020000798        0x8 /home/gomofob/Projects/Arduino/nano_33_iot/build/core/variant.cpp.o
                0x0000000020000798                sercom4
 .bss.sercom5   0x00000000200007a0        0x8 /home/gomofob/Projects/Arduino/nano_33_iot/build/core/variant.cpp.o
                0x00000000200007a0                sercom5
 .bss.usb_isr   0x00000000200007a8        0x4 /home/gomofob/Projects/Arduino/nano_33_iot/build/core/core.a(cortex_handlers.c.o)
 .bss._ulTickCount
                0x00000000200007ac        0x4 /home/gomofob/Projects/Arduino/nano_33_iot/build/core/core.a(delay.c.o)
 .bss.EndPoints
                0x00000000200007b0       0x28 /home/gomofob/Projects/Arduino/nano_33_iot/build/core/core.a(USBCore.cpp.o)
                0x00000000200007b0                EndPoints
 .bss.USBDevice
                0x00000000200007d8        0x1 /home/gomofob/Projects/Arduino/nano_33_iot/build/core/core.a(USBCore.cpp.o)
                0x00000000200007d8                USBDevice
 *fill*         0x00000000200007d9        0x3 
 .bss._ZL10epHandlers
                0x00000000200007dc       0x1c /home/gomofob/Projects/Arduino/nano_33_iot/build/core/core.a(USBCore.cpp.o)
 .bss._ZL14isEndpointHalt
                0x00000000200007f8        0x1 /home/gomofob/Projects/Arduino/nano_33_iot/build/core/core.a(USBCore.cpp.o)
 .bss._ZL20LastTransmitTimedOut
                0x00000000200007f9        0x7 /home/gomofob/Projects/Arduino/nano_33_iot/build/core/core.a(USBCore.cpp.o)
 .bss._ZL21isRemoteWakeUpEnabled
                0x0000000020000800        0x1 /home/gomofob/Projects/Arduino/nano_33_iot/build/core/core.a(USBCore.cpp.o)
 *fill*         0x0000000020000801        0x3 
 .bss._ZL22udd_ep_in_cache_buffer
                0x0000000020000804      0x1c0 /home/gomofob/Projects/Arduino/nano_33_iot/build/core/core.a(USBCore.cpp.o)
 .bss._ZL23udd_ep_out_cache_buffer
                0x00000000200009c4      0x1c0 /home/gomofob/Projects/Arduino/nano_33_iot/build/core/core.a(USBCore.cpp.o)
 .bss._dry_run  0x0000000020000b84        0x1 /home/gomofob/Projects/Arduino/nano_33_iot/build/core/core.a(USBCore.cpp.o)
                0x0000000020000b84                _dry_run
 .bss._pack_buffer
                0x0000000020000b85      0x100 /home/gomofob/Projects/Arduino/nano_33_iot/build/core/core.a(USBCore.cpp.o)
                0x0000000020000b85                _pack_buffer
 .bss._pack_message
                0x0000000020000c85        0x1 /home/gomofob/Projects/Arduino/nano_33_iot/build/core/core.a(USBCore.cpp.o)
                0x0000000020000c85                _pack_message
 .bss._pack_size
                0x0000000020000c86        0x2 /home/gomofob/Projects/Arduino/nano_33_iot/build/core/core.a(USBCore.cpp.o)
                0x0000000020000c86                _pack_size
 .bss._usbConfiguration
                0x0000000020000c88        0x4 /home/gomofob/Projects/Arduino/nano_33_iot/build/core/core.a(USBCore.cpp.o)
                0x0000000020000c88                _usbConfiguration
 .bss._usbSetInterface
                0x0000000020000c8c        0x4 /home/gomofob/Projects/Arduino/nano_33_iot/build/core/core.a(USBCore.cpp.o)
                0x0000000020000c8c                _usbSetInterface
 .bss.usbd      0x0000000020000c90      0x104 /home/gomofob/Projects/Arduino/nano_33_iot/build/core/core.a(USBCore.cpp.o)
                0x0000000020000c90                usbd
 .bss._ZGVZ12PluggableUSBvE3obj
                0x0000000020000d94        0x4 /home/gomofob/Projects/Arduino/nano_33_iot/build/core/core.a(PluggableUSB.cpp.o)
 .bss._ZZ12PluggableUSBvE3obj
                0x0000000020000d98        0xc /home/gomofob/Projects/Arduino/nano_33_iot/build/core/core.a(PluggableUSB.cpp.o)
 .bss.SerialUSB
                0x0000000020000da4       0x34 /home/gomofob/Projects/Arduino/nano_33_iot/build/core/core.a(CDC.cpp.o)
                0x0000000020000da4                SerialUSB
 .bss.__malloc_free_list
                0x0000000020000dd8        0x4 /home/gomofob/.arduino15/packages/arduino/tools/arm-none-eabi-gcc/7-2017q4/bin/../lib/gcc/arm-none-eabi/7.2.1/../../../../arm-none-eabi/lib/thumb/v6-m/libc_nano.a(lib_a-nano-mallocr.o)
                0x0000000020000dd8                __malloc_free_list
 .bss.__malloc_sbrk_start
                0x0000000020000ddc        0x4 /home/gomofob/.arduino15/packages/arduino/tools/arm-none-eabi-gcc/7-2017q4/bin/../lib/gcc/arm-none-eabi/7.2.1/../../../../arm-none-eabi/lib/thumb/v6-m/libc_nano.a(lib_a-nano-mallocr.o)
                0x0000000020000ddc                __malloc_sbrk_start
 .bss.heap_end.4102
                0x0000000020000de0        0x4 /home/gomofob/.arduino15/packages/arduino/tools/arm-none-eabi-gcc/7-2017q4/bin/../lib/gcc/arm-none-eabi/7.2.1/../../../../arm-none-eabi/lib/thumb/v6-m/libnosys.a(sbrk.o)
 *(COMMON)
 COMMON         0x0000000020000de4        0x4 /home/gomofob/.arduino15/packages/arduino/tools/arm-none-eabi-gcc/7-2017q4/bin/../lib/gcc/arm-none-eabi/7.2.1/../../../../arm-none-eabi/lib/thumb/v6-m/libc_nano.a(lib_a-reent.o)
                0x0000000020000de4                errno
                0x0000000020000de8                . = ALIGN (0x4)
                0x0000000020000de8                __bss_end__ = .

.heap           0x0000000020000de8        0x0
                0x0000000020000de8                __end__ = .
                0x0000000020000de8                PROVIDE (end, .)
 *(.heap*)
                0x0000000020000de8                __HeapLimit = .

.stack_dummy    0x0000000020000de8        0x0
 *(.stack*)
                0x0000000020008000                __StackTop = (ORIGIN (RAM) + LENGTH (RAM))
                0x0000000020008000                __StackLimit = (__StackTop - SIZEOF (.stack_dummy))
                0x0000000020008000                PROVIDE (__stack, __StackTop)
                0x0000000020007fff                __ram_end__ = ((ORIGIN (RAM) + LENGTH (RAM)) - 0x1)
                0x0000000000000001                ASSERT ((__StackLimit >= __HeapLimit), region RAM overflowed with stack)
OUTPUT(/home/gomofob/Projects/Arduino/nano_33_iot/build/nano_33_iot.ino.elf elf32-littlearm)

.ARM.attributes
                0x0000000000000000       0x28
 .ARM.attributes
                0x0000000000000000       0x1e /home/gomofob/.arduino15/packages/arduino/tools/arm-none-eabi-gcc/7-2017q4/bin/../lib/gcc/arm-none-eabi/7.2.1/thumb/v6-m/crti.o
 .ARM.attributes
                0x000000000000001e       0x2c /home/gomofob/.arduino15/packages/arduino/tools/arm-none-eabi-gcc/7-2017q4/bin/../lib/gcc/arm-none-eabi/7.2.1/thumb/v6-m/crtbegin.o
 .ARM.attributes
                0x000000000000004a       0x32 /home/gomofob/Projects/Arduino/nano_33_iot/build/sketch/nano_33_iot.ino.cpp.o
 .ARM.attributes
                0x000000000000007c       0x32 /home/gomofob/Projects/Arduino/nano_33_iot/build/core/variant.cpp.o
 .ARM.attributes
                0x00000000000000ae       0x32 /home/gomofob/Projects/Arduino/nano_33_iot/build/core/core.a(SERCOM.cpp.o)
 .ARM.attributes
                0x00000000000000e0       0x32 /home/gomofob/Projects/Arduino/nano_33_iot/build/core/core.a(Uart.cpp.o)
 .ARM.attributes
                0x0000000000000112       0x32 /home/gomofob/Projects/Arduino/nano_33_iot/build/core/core.a(Print.cpp.o)
 .ARM.attributes
                0x0000000000000144       0x32 /home/gomofob/Projects/Arduino/nano_33_iot/build/core/core.a(cortex_handlers.c.o)
 .ARM.attributes
                0x0000000000000176       0x32 /home/gomofob/Projects/Arduino/nano_33_iot/build/core/core.a(delay.c.o)
 .ARM.attributes
                0x00000000000001a8       0x32 /home/gomofob/Projects/Arduino/nano_33_iot/build/core/core.a(hooks.c.o)
 .ARM.attributes
                0x00000000000001da       0x32 /home/gomofob/Projects/Arduino/nano_33_iot/build/core/core.a(main.cpp.o)
 .ARM.attributes
                0x000000000000020c       0x32 /home/gomofob/Projects/Arduino/nano_33_iot/build/core/core.a(startup.c.o)
 .ARM.attributes
                0x000000000000023e       0x32 /home/gomofob/Projects/Arduino/nano_33_iot/build/core/core.a(wiring.c.o)
 .ARM.attributes
                0x0000000000000270       0x32 /home/gomofob/Projects/Arduino/nano_33_iot/build/core/core.a(wiring_analog.c.o)
 .ARM.attributes
                0x00000000000002a2       0x32 /home/gomofob/Projects/Arduino/nano_33_iot/build/core/core.a(wiring_digital.c.o)
 .ARM.attributes
                0x00000000000002d4       0x32 /home/gomofob/Projects/Arduino/nano_33_iot/build/core/core.a(wiring_private.c.o)
 .ARM.attributes
                0x0000000000000306       0x32 /home/gomofob/Projects/Arduino/nano_33_iot/build/core/core.a(Reset.cpp.o)
 .ARM.attributes
                0x0000000000000338       0x32 /home/gomofob/Projects/Arduino/nano_33_iot/build/core/core.a(USBCore.cpp.o)
 .ARM.attributes
                0x000000000000036a       0x32 /home/gomofob/Projects/Arduino/nano_33_iot/build/core/core.a(PluggableUSB.cpp.o)
 .ARM.attributes
                0x000000000000039c       0x32 /home/gomofob/Projects/Arduino/nano_33_iot/build/core/core.a(new.cpp.o)
 .ARM.attributes
                0x00000000000003ce       0x32 /home/gomofob/Projects/Arduino/nano_33_iot/build/core/core.a(CDC.cpp.o)
 .ARM.attributes
                0x0000000000000400       0x1e /home/gomofob/.arduino15/packages/arduino/tools/arm-none-eabi-gcc/7-2017q4/bin/../lib/gcc/arm-none-eabi/7.2.1/thumb/v6-m/libgcc.a(_thumb1_case_uqi.o)
 .ARM.attributes
                0x000000000000041e       0x1e /home/gomofob/.arduino15/packages/arduino/tools/arm-none-eabi-gcc/7-2017q4/bin/../lib/gcc/arm-none-eabi/7.2.1/thumb/v6-m/libgcc.a(_udivsi3.o)
 .ARM.attributes
                0x000000000000043c       0x1e /home/gomofob/.arduino15/packages/arduino/tools/arm-none-eabi-gcc/7-2017q4/bin/../lib/gcc/arm-none-eabi/7.2.1/thumb/v6-m/libgcc.a(_dvmd_tls.o)
 .ARM.attributes
                0x000000000000045a       0x2c /home/gomofob/.arduino15/packages/arduino/tools/arm-none-eabi-gcc/7-2017q4/bin/../lib/gcc/arm-none-eabi/7.2.1/../../../../arm-none-eabi/lib/thumb/v6-m/libc_nano.a(lib_a-impure.o)
 .ARM.attributes
                0x0000000000000486       0x2c /home/gomofob/.arduino15/packages/arduino/tools/arm-none-eabi-gcc/7-2017q4/bin/../lib/gcc/arm-none-eabi/7.2.1/../../../../arm-none-eabi/lib/thumb/v6-m/libc_nano.a(lib_a-init.o)
 .ARM.attributes
                0x00000000000004b2       0x2c /home/gomofob/.arduino15/packages/arduino/tools/arm-none-eabi-gcc/7-2017q4/bin/../lib/gcc/arm-none-eabi/7.2.1/../../../../arm-none-eabi/lib/thumb/v6-m/libc_nano.a(lib_a-malloc.o)
 .ARM.attributes
                0x00000000000004de       0x2c /home/gomofob/.arduino15/packages/arduino/tools/arm-none-eabi-gcc/7-2017q4/bin/../lib/gcc/arm-none-eabi/7.2.1/../../../../arm-none-eabi/lib/thumb/v6-m/libc_nano.a(lib_a-memcpy-stub.o)
 .ARM.attributes
                0x000000000000050a       0x2c /home/gomofob/.arduino15/packages/arduino/tools/arm-none-eabi-gcc/7-2017q4/bin/../lib/gcc/arm-none-eabi/7.2.1/../../../../arm-none-eabi/lib/thumb/v6-m/libc_nano.a(lib_a-memset.o)
 .ARM.attributes
                0x0000000000000536       0x2c /home/gomofob/.arduino15/packages/arduino/tools/arm-none-eabi-gcc/7-2017q4/bin/../lib/gcc/arm-none-eabi/7.2.1/../../../../arm-none-eabi/lib/thumb/v6-m/libc_nano.a(lib_a-nano-freer.o)
 .ARM.attributes
                0x0000000000000562       0x2c /home/gomofob/.arduino15/packages/arduino/tools/arm-none-eabi-gcc/7-2017q4/bin/../lib/gcc/arm-none-eabi/7.2.1/../../../../arm-none-eabi/lib/thumb/v6-m/libc_nano.a(lib_a-nano-mallocr.o)
 .ARM.attributes
                0x000000000000058e       0x2c /home/gomofob/.arduino15/packages/arduino/tools/arm-none-eabi-gcc/7-2017q4/bin/../lib/gcc/arm-none-eabi/7.2.1/../../../../arm-none-eabi/lib/thumb/v6-m/libc_nano.a(lib_a-sbrkr.o)
 .ARM.attributes
                0x00000000000005ba       0x1c /home/gomofob/.arduino15/packages/arduino/tools/arm-none-eabi-gcc/7-2017q4/bin/../lib/gcc/arm-none-eabi/7.2.1/../../../../arm-none-eabi/lib/thumb/v6-m/libc_nano.a(lib_a-strlen.o)
 .ARM.attributes
                0x00000000000005d6       0x2c /home/gomofob/.arduino15/packages/arduino/tools/arm-none-eabi-gcc/7-2017q4/bin/../lib/gcc/arm-none-eabi/7.2.1/../../../../arm-none-eabi/lib/thumb/v6-m/libc_nano.a(lib_a-mlock.o)
 .ARM.attributes
                0x0000000000000602       0x2c /home/gomofob/.arduino15/packages/arduino/tools/arm-none-eabi-gcc/7-2017q4/bin/../lib/gcc/arm-none-eabi/7.2.1/../../../../arm-none-eabi/lib/thumb/v6-m/libc_nano.a(lib_a-reent.o)
 .ARM.attributes
                0x000000000000062e       0x2c /home/gomofob/.arduino15/packages/arduino/tools/arm-none-eabi-gcc/7-2017q4/bin/../lib/gcc/arm-none-eabi/7.2.1/../../../../arm-none-eabi/lib/thumb/v6-m/libnosys.a(sbrk.o)
 .ARM.attributes
                0x000000000000065a       0x2c /home/gomofob/.arduino15/packages/arduino/tools/arm-none-eabi-gcc/7-2017q4/bin/../lib/gcc/arm-none-eabi/7.2.1/thumb/v6-m/crtend.o
 .ARM.attributes
                0x0000000000000686       0x1e /home/gomofob/.arduino15/packages/arduino/tools/arm-none-eabi-gcc/7-2017q4/bin/../lib/gcc/arm-none-eabi/7.2.1/thumb/v6-m/crtn.o

.comment        0x0000000000000000       0x7e
 .comment       0x0000000000000000       0x7e /home/gomofob/Projects/Arduino/nano_33_iot/build/sketch/nano_33_iot.ino.cpp.o
                                         0x7f (size before relaxing)
 .comment       0x000000000000007e       0x7f /home/gomofob/Projects/Arduino/nano_33_iot/build/core/variant.cpp.o
 .comment       0x000000000000007e       0x7f /home/gomofob/Projects/Arduino/nano_33_iot/build/core/core.a(SERCOM.cpp.o)
 .comment       0x000000000000007e       0x7f /home/gomofob/Projects/Arduino/nano_33_iot/build/core/core.a(Uart.cpp.o)
 .comment       0x000000000000007e       0x7f /home/gomofob/Projects/Arduino/nano_33_iot/build/core/core.a(Print.cpp.o)
 .comment       0x000000000000007e       0x7f /home/gomofob/Projects/Arduino/nano_33_iot/build/core/core.a(cortex_handlers.c.o)
 .comment       0x000000000000007e       0x7f /home/gomofob/Projects/Arduino/nano_33_iot/build/core/core.a(delay.c.o)
 .comment       0x000000000000007e       0x7f /home/gomofob/Projects/Arduino/nano_33_iot/build/core/core.a(hooks.c.o)
 .comment       0x000000000000007e       0x7f /home/gomofob/Projects/Arduino/nano_33_iot/build/core/core.a(main.cpp.o)
 .comment       0x000000000000007e       0x7f /home/gomofob/Projects/Arduino/nano_33_iot/build/core/core.a(startup.c.o)
 .comment       0x000000000000007e       0x7f /home/gomofob/Projects/Arduino/nano_33_iot/build/core/core.a(wiring.c.o)
 .comment       0x000000000000007e       0x7f /home/gomofob/Projects/Arduino/nano_33_iot/build/core/core.a(wiring_analog.c.o)
 .comment       0x000000000000007e       0x7f /home/gomofob/Projects/Arduino/nano_33_iot/build/core/core.a(wiring_digital.c.o)
 .comment       0x000000000000007e       0x7f /home/gomofob/Projects/Arduino/nano_33_iot/build/core/core.a(wiring_private.c.o)
 .comment       0x000000000000007e       0x7f /home/gomofob/Projects/Arduino/nano_33_iot/build/core/core.a(Reset.cpp.o)
 .comment       0x000000000000007e       0x7f /home/gomofob/Projects/Arduino/nano_33_iot/build/core/core.a(USBCore.cpp.o)
 .comment       0x000000000000007e       0x7f /home/gomofob/Projects/Arduino/nano_33_iot/build/core/core.a(PluggableUSB.cpp.o)
 .comment       0x000000000000007e       0x7f /home/gomofob/Projects/Arduino/nano_33_iot/build/core/core.a(new.cpp.o)
 .comment       0x000000000000007e       0x7f /home/gomofob/Projects/Arduino/nano_33_iot/build/core/core.a(CDC.cpp.o)

.debug_info     0x0000000000000000    0x572e4
 .debug_info    0x0000000000000000     0x5da1 /home/gomofob/Projects/Arduino/nano_33_iot/build/sketch/nano_33_iot.ino.cpp.o
 .debug_info    0x0000000000005da1     0x8a5c /home/gomofob/Projects/Arduino/nano_33_iot/build/core/variant.cpp.o
 .debug_info    0x000000000000e7fd     0x733c /home/gomofob/Projects/Arduino/nano_33_iot/build/core/core.a(SERCOM.cpp.o)
 .debug_info    0x0000000000015b39     0x7fbe /home/gomofob/Projects/Arduino/nano_33_iot/build/core/core.a(Uart.cpp.o)
 .debug_info    0x000000000001daf7     0x41d3 /home/gomofob/Projects/Arduino/nano_33_iot/build/core/core.a(Print.cpp.o)
 .debug_info    0x0000000000021cca     0x110c /home/gomofob/Projects/Arduino/nano_33_iot/build/core/core.a(cortex_handlers.c.o)
 .debug_info    0x0000000000022dd6     0x13d2 /home/gomofob/Projects/Arduino/nano_33_iot/build/core/core.a(delay.c.o)
 .debug_info    0x00000000000241a8       0x64 /home/gomofob/Projects/Arduino/nano_33_iot/build/core/core.a(hooks.c.o)
 .debug_info    0x000000000002420c     0x5e65 /home/gomofob/Projects/Arduino/nano_33_iot/build/core/core.a(main.cpp.o)
 .debug_info    0x000000000002a071     0x34f9 /home/gomofob/Projects/Arduino/nano_33_iot/build/core/core.a(startup.c.o)
 .debug_info    0x000000000002d56a     0x2d9a /home/gomofob/Projects/Arduino/nano_33_iot/build/core/core.a(wiring.c.o)
 .debug_info    0x0000000000030304     0x4f63 /home/gomofob/Projects/Arduino/nano_33_iot/build/core/core.a(wiring_analog.c.o)
 .debug_info    0x0000000000035267     0x186d /home/gomofob/Projects/Arduino/nano_33_iot/build/core/core.a(wiring_digital.c.o)
 .debug_info    0x0000000000036ad4     0x17f7 /home/gomofob/Projects/Arduino/nano_33_iot/build/core/core.a(wiring_private.c.o)
 .debug_info    0x00000000000382cb     0x642b /home/gomofob/Projects/Arduino/nano_33_iot/build/core/core.a(Reset.cpp.o)
 .debug_info    0x000000000003e6f6     0xdad1 /home/gomofob/Projects/Arduino/nano_33_iot/build/core/core.a(USBCore.cpp.o)
 .debug_info    0x000000000004c1c7      0x686 /home/gomofob/Projects/Arduino/nano_33_iot/build/core/core.a(PluggableUSB.cpp.o)
 .debug_info    0x000000000004c84d      0xf3b /home/gomofob/Projects/Arduino/nano_33_iot/build/core/core.a(new.cpp.o)
 .debug_info    0x000000000004d788     0x9b5c /home/gomofob/Projects/Arduino/nano_33_iot/build/core/core.a(CDC.cpp.o)

.debug_abbrev   0x0000000000000000     0x6523
 .debug_abbrev  0x0000000000000000      0x591 /home/gomofob/Projects/Arduino/nano_33_iot/build/sketch/nano_33_iot.ino.cpp.o
 .debug_abbrev  0x0000000000000591      0x6be /home/gomofob/Projects/Arduino/nano_33_iot/build/core/variant.cpp.o
 .debug_abbrev  0x0000000000000c4f      0x836 /home/gomofob/Projects/Arduino/nano_33_iot/build/core/core.a(SERCOM.cpp.o)
 .debug_abbrev  0x0000000000001485      0x913 /home/gomofob/Projects/Arduino/nano_33_iot/build/core/core.a(Uart.cpp.o)
 .debug_abbrev  0x0000000000001d98      0x709 /home/gomofob/Projects/Arduino/nano_33_iot/build/core/core.a(Print.cpp.o)
 .debug_abbrev  0x00000000000024a1      0x29a /home/gomofob/Projects/Arduino/nano_33_iot/build/core/core.a(cortex_handlers.c.o)
 .debug_abbrev  0x000000000000273b      0x33c /home/gomofob/Projects/Arduino/nano_33_iot/build/core/core.a(delay.c.o)
 .debug_abbrev  0x0000000000002a77       0x49 /home/gomofob/Projects/Arduino/nano_33_iot/build/core/core.a(hooks.c.o)
 .debug_abbrev  0x0000000000002ac0      0x5dd /home/gomofob/Projects/Arduino/nano_33_iot/build/core/core.a(main.cpp.o)
 .debug_abbrev  0x000000000000309d      0x2ca /home/gomofob/Projects/Arduino/nano_33_iot/build/core/core.a(startup.c.o)
 .debug_abbrev  0x0000000000003367      0x3a1 /home/gomofob/Projects/Arduino/nano_33_iot/build/core/core.a(wiring.c.o)
 .debug_abbrev  0x0000000000003708      0x487 /home/gomofob/Projects/Arduino/nano_33_iot/build/core/core.a(wiring_analog.c.o)
 .debug_abbrev  0x0000000000003b8f      0x339 /home/gomofob/Projects/Arduino/nano_33_iot/build/core/core.a(wiring_digital.c.o)
 .debug_abbrev  0x0000000000003ec8      0x303 /home/gomofob/Projects/Arduino/nano_33_iot/build/core/core.a(wiring_private.c.o)
 .debug_abbrev  0x00000000000041cb      0x671 /home/gomofob/Projects/Arduino/nano_33_iot/build/core/core.a(Reset.cpp.o)
 .debug_abbrev  0x000000000000483c      0xc7b /home/gomofob/Projects/Arduino/nano_33_iot/build/core/core.a(USBCore.cpp.o)
 .debug_abbrev  0x00000000000054b7      0x2b2 /home/gomofob/Projects/Arduino/nano_33_iot/build/core/core.a(PluggableUSB.cpp.o)
 .debug_abbrev  0x0000000000005769      0x301 /home/gomofob/Projects/Arduino/nano_33_iot/build/core/core.a(new.cpp.o)
 .debug_abbrev  0x0000000000005a6a      0xab9 /home/gomofob/Projects/Arduino/nano_33_iot/build/core/core.a(CDC.cpp.o)

.debug_aranges  0x0000000000000000      0x950
 .debug_aranges
                0x0000000000000000       0x20 /home/gomofob/Projects/Arduino/nano_33_iot/build/sketch/nano_33_iot.ino.cpp.o
 .debug_aranges
                0x0000000000000020       0x48 /home/gomofob/Projects/Arduino/nano_33_iot/build/core/variant.cpp.o
 .debug_aranges
                0x0000000000000068      0x1f0 /home/gomofob/Projects/Arduino/nano_33_iot/build/core/core.a(SERCOM.cpp.o)
 .debug_aranges
                0x0000000000000258       0xb8 /home/gomofob/Projects/Arduino/nano_33_iot/build/core/core.a(Uart.cpp.o)
 .debug_aranges
                0x0000000000000310      0x130 /home/gomofob/Projects/Arduino/nano_33_iot/build/core/core.a(Print.cpp.o)
 .debug_aranges
                0x0000000000000440       0x40 /home/gomofob/Projects/Arduino/nano_33_iot/build/core/core.a(cortex_handlers.c.o)
 .debug_aranges
                0x0000000000000480       0x48 /home/gomofob/Projects/Arduino/nano_33_iot/build/core/core.a(delay.c.o)
 .debug_aranges
                0x00000000000004c8       0x30 /home/gomofob/Projects/Arduino/nano_33_iot/build/core/core.a(hooks.c.o)
 .debug_aranges
                0x00000000000004f8       0x28 /home/gomofob/Projects/Arduino/nano_33_iot/build/core/core.a(main.cpp.o)
 .debug_aranges
                0x0000000000000520       0x20 /home/gomofob/Projects/Arduino/nano_33_iot/build/core/core.a(startup.c.o)
 .debug_aranges
                0x0000000000000540       0x20 /home/gomofob/Projects/Arduino/nano_33_iot/build/core/core.a(wiring.c.o)
 .debug_aranges
                0x0000000000000560       0x48 /home/gomofob/Projects/Arduino/nano_33_iot/build/core/core.a(wiring_analog.c.o)
 .debug_aranges
                0x00000000000005a8       0x30 /home/gomofob/Projects/Arduino/nano_33_iot/build/core/core.a(wiring_digital.c.o)
 .debug_aranges
                0x00000000000005d8       0x20 /home/gomofob/Projects/Arduino/nano_33_iot/build/core/core.a(wiring_private.c.o)
 .debug_aranges
                0x00000000000005f8       0x38 /home/gomofob/Projects/Arduino/nano_33_iot/build/core/core.a(Reset.cpp.o)
 .debug_aranges
                0x0000000000000630      0x190 /home/gomofob/Projects/Arduino/nano_33_iot/build/core/core.a(USBCore.cpp.o)
 .debug_aranges
                0x00000000000007c0       0x48 /home/gomofob/Projects/Arduino/nano_33_iot/build/core/core.a(PluggableUSB.cpp.o)
 .debug_aranges
                0x0000000000000808       0x28 /home/gomofob/Projects/Arduino/nano_33_iot/build/core/core.a(new.cpp.o)
 .debug_aranges
                0x0000000000000830      0x120 /home/gomofob/Projects/Arduino/nano_33_iot/build/core/core.a(CDC.cpp.o)

.debug_ranges   0x0000000000000000     0x13b8
 .debug_ranges  0x0000000000000000       0x10 /home/gomofob/Projects/Arduino/nano_33_iot/build/sketch/nano_33_iot.ino.cpp.o
 .debug_ranges  0x0000000000000010       0x50 /home/gomofob/Projects/Arduino/nano_33_iot/build/core/variant.cpp.o
 .debug_ranges  0x0000000000000060      0x2a0 /home/gomofob/Projects/Arduino/nano_33_iot/build/core/core.a(SERCOM.cpp.o)
 .debug_ranges  0x0000000000000300      0x238 /home/gomofob/Projects/Arduino/nano_33_iot/build/core/core.a(Uart.cpp.o)
 .debug_ranges  0x0000000000000538      0x198 /home/gomofob/Projects/Arduino/nano_33_iot/build/core/core.a(Print.cpp.o)
 .debug_ranges  0x00000000000006d0       0x30 /home/gomofob/Projects/Arduino/nano_33_iot/build/core/core.a(cortex_handlers.c.o)
 .debug_ranges  0x0000000000000700       0x38 /home/gomofob/Projects/Arduino/nano_33_iot/build/core/core.a(delay.c.o)
 .debug_ranges  0x0000000000000738       0x20 /home/gomofob/Projects/Arduino/nano_33_iot/build/core/core.a(hooks.c.o)
 .debug_ranges  0x0000000000000758       0x18 /home/gomofob/Projects/Arduino/nano_33_iot/build/core/core.a(main.cpp.o)
 .debug_ranges  0x0000000000000770       0x10 /home/gomofob/Projects/Arduino/nano_33_iot/build/core/core.a(startup.c.o)
 .debug_ranges  0x0000000000000780       0x28 /home/gomofob/Projects/Arduino/nano_33_iot/build/core/core.a(wiring.c.o)
 .debug_ranges  0x00000000000007a8       0x98 /home/gomofob/Projects/Arduino/nano_33_iot/build/core/core.a(wiring_analog.c.o)
 .debug_ranges  0x0000000000000840       0x20 /home/gomofob/Projects/Arduino/nano_33_iot/build/core/core.a(wiring_digital.c.o)
 .debug_ranges  0x0000000000000860       0x38 /home/gomofob/Projects/Arduino/nano_33_iot/build/core/core.a(wiring_private.c.o)
 .debug_ranges  0x0000000000000898       0x40 /home/gomofob/Projects/Arduino/nano_33_iot/build/core/core.a(Reset.cpp.o)
 .debug_ranges  0x00000000000008d8      0x8b0 /home/gomofob/Projects/Arduino/nano_33_iot/build/core/core.a(USBCore.cpp.o)
 .debug_ranges  0x0000000000001188       0x68 /home/gomofob/Projects/Arduino/nano_33_iot/build/core/core.a(PluggableUSB.cpp.o)
 .debug_ranges  0x00000000000011f0       0x18 /home/gomofob/Projects/Arduino/nano_33_iot/build/core/core.a(new.cpp.o)
 .debug_ranges  0x0000000000001208      0x1b0 /home/gomofob/Projects/Arduino/nano_33_iot/build/core/core.a(CDC.cpp.o)

.debug_line     0x0000000000000000     0x844e
 .debug_line    0x0000000000000000      0x6b0 /home/gomofob/Projects/Arduino/nano_33_iot/build/sketch/nano_33_iot.ino.cpp.o
 .debug_line    0x00000000000006b0      0x783 /home/gomofob/Projects/Arduino/nano_33_iot/build/core/variant.cpp.o
 .debug_line    0x0000000000000e33      0xce0 /home/gomofob/Projects/Arduino/nano_33_iot/build/core/core.a(SERCOM.cpp.o)
 .debug_line    0x0000000000001b13      0xac0 /home/gomofob/Projects/Arduino/nano_33_iot/build/core/core.a(Uart.cpp.o)
 .debug_line    0x00000000000025d3      0x7ff /home/gomofob/Projects/Arduino/nano_33_iot/build/core/core.a(Print.cpp.o)
 .debug_line    0x0000000000002dd2      0x381 /home/gomofob/Projects/Arduino/nano_33_iot/build/core/core.a(cortex_handlers.c.o)
 .debug_line    0x0000000000003153      0x5bd /home/gomofob/Projects/Arduino/nano_33_iot/build/core/core.a(delay.c.o)
 .debug_line    0x0000000000003710       0xa4 /home/gomofob/Projects/Arduino/nano_33_iot/build/core/core.a(hooks.c.o)
 .debug_line    0x00000000000037b4      0x6be /home/gomofob/Projects/Arduino/nano_33_iot/build/core/core.a(main.cpp.o)
 .debug_line    0x0000000000003e72      0x461 /home/gomofob/Projects/Arduino/nano_33_iot/build/core/core.a(startup.c.o)
 .debug_line    0x00000000000042d3      0x5ab /home/gomofob/Projects/Arduino/nano_33_iot/build/core/core.a(wiring.c.o)
 .debug_line    0x000000000000487e      0x6c7 /home/gomofob/Projects/Arduino/nano_33_iot/build/core/core.a(wiring_analog.c.o)
 .debug_line    0x0000000000004f45      0x51e /home/gomofob/Projects/Arduino/nano_33_iot/build/core/core.a(wiring_digital.c.o)
 .debug_line    0x0000000000005463      0x506 /home/gomofob/Projects/Arduino/nano_33_iot/build/core/core.a(wiring_private.c.o)
 .debug_line    0x0000000000005969      0x784 /home/gomofob/Projects/Arduino/nano_33_iot/build/core/core.a(Reset.cpp.o)
 .debug_line    0x00000000000060ed     0x12e4 /home/gomofob/Projects/Arduino/nano_33_iot/build/core/core.a(USBCore.cpp.o)
 .debug_line    0x00000000000073d1      0x28e /home/gomofob/Projects/Arduino/nano_33_iot/build/core/core.a(PluggableUSB.cpp.o)
 .debug_line    0x000000000000765f      0x32e /home/gomofob/Projects/Arduino/nano_33_iot/build/core/core.a(new.cpp.o)
 .debug_line    0x000000000000798d      0xac1 /home/gomofob/Projects/Arduino/nano_33_iot/build/core/core.a(CDC.cpp.o)

.debug_str      0x0000000000000000     0xa741
 .debug_str     0x0000000000000000     0x3f38 /home/gomofob/Projects/Arduino/nano_33_iot/build/sketch/nano_33_iot.ino.cpp.o
                                       0x47b1 (size before relaxing)
 .debug_str     0x0000000000003f38      0x9fe /home/gomofob/Projects/Arduino/nano_33_iot/build/core/variant.cpp.o
                                       0x5485 (size before relaxing)
 .debug_str     0x0000000000004936      0x477 /home/gomofob/Projects/Arduino/nano_33_iot/build/core/core.a(SERCOM.cpp.o)
                                       0x4c87 (size before relaxing)
 .debug_str     0x0000000000004dad      0xb47 /home/gomofob/Projects/Arduino/nano_33_iot/build/core/core.a(Uart.cpp.o)
                                       0x56fa (size before relaxing)
 .debug_str     0x00000000000058f4      0x5e4 /home/gomofob/Projects/Arduino/nano_33_iot/build/core/core.a(Print.cpp.o)
                                       0x1dce (size before relaxing)
 .debug_str     0x0000000000005ed8      0x4b3 /home/gomofob/Projects/Arduino/nano_33_iot/build/core/core.a(cortex_handlers.c.o)
                                        0xf8c (size before relaxing)
 .debug_str     0x000000000000638b       0xec /home/gomofob/Projects/Arduino/nano_33_iot/build/core/core.a(delay.c.o)
                                        0xeb7 (size before relaxing)
 .debug_str     0x0000000000006477       0x6c /home/gomofob/Projects/Arduino/nano_33_iot/build/core/core.a(hooks.c.o)
                                        0x156 (size before relaxing)
 .debug_str     0x00000000000064e3       0x95 /home/gomofob/Projects/Arduino/nano_33_iot/build/core/core.a(main.cpp.o)
                                       0x4811 (size before relaxing)
 .debug_str     0x0000000000006578      0x836 /home/gomofob/Projects/Arduino/nano_33_iot/build/core/core.a(startup.c.o)
                                       0x16db (size before relaxing)
 .debug_str     0x0000000000006dae      0x199 /home/gomofob/Projects/Arduino/nano_33_iot/build/core/core.a(wiring.c.o)
                                       0x1794 (size before relaxing)
 .debug_str     0x0000000000006f47      0x167 /home/gomofob/Projects/Arduino/nano_33_iot/build/core/core.a(wiring_analog.c.o)
                                       0x1c13 (size before relaxing)
 .debug_str     0x00000000000070ae       0x84 /home/gomofob/Projects/Arduino/nano_33_iot/build/core/core.a(wiring_digital.c.o)
                                        0xff5 (size before relaxing)
 .debug_str     0x0000000000007132       0x70 /home/gomofob/Projects/Arduino/nano_33_iot/build/core/core.a(wiring_private.c.o)
                                        0xfaa (size before relaxing)
 .debug_str     0x00000000000071a2      0x193 /home/gomofob/Projects/Arduino/nano_33_iot/build/core/core.a(Reset.cpp.o)
                                       0x4a6c (size before relaxing)
 .debug_str     0x0000000000007335     0x2c8a /home/gomofob/Projects/Arduino/nano_33_iot/build/core/core.a(USBCore.cpp.o)
                                       0x82e0 (size before relaxing)
 .debug_str     0x0000000000009fbf       0x81 /home/gomofob/Projects/Arduino/nano_33_iot/build/core/core.a(PluggableUSB.cpp.o)
                                        0x632 (size before relaxing)
 .debug_str     0x000000000000a040       0x85 /home/gomofob/Projects/Arduino/nano_33_iot/build/core/core.a(new.cpp.o)
                                        0x7a7 (size before relaxing)
 .debug_str     0x000000000000a0c5      0x67c /home/gomofob/Projects/Arduino/nano_33_iot/build/core/core.a(CDC.cpp.o)
                                       0x7aac (size before relaxing)

.debug_frame    0x0000000000000000     0x1910
 .debug_frame   0x0000000000000000       0x30 /home/gomofob/Projects/Arduino/nano_33_iot/build/sketch/nano_33_iot.ino.cpp.o
 .debug_frame   0x0000000000000030       0xa0 /home/gomofob/Projects/Arduino/nano_33_iot/build/core/variant.cpp.o
 .debug_frame   0x00000000000000d0      0x478 /home/gomofob/Projects/Arduino/nano_33_iot/build/core/core.a(SERCOM.cpp.o)
 .debug_frame   0x0000000000000548      0x1e4 /home/gomofob/Projects/Arduino/nano_33_iot/build/core/core.a(Uart.cpp.o)
 .debug_frame   0x000000000000072c      0x3cc /home/gomofob/Projects/Arduino/nano_33_iot/build/core/core.a(Print.cpp.o)
 .debug_frame   0x0000000000000af8       0x7c /home/gomofob/Projects/Arduino/nano_33_iot/build/core/core.a(cortex_handlers.c.o)
 .debug_frame   0x0000000000000b74       0xa0 /home/gomofob/Projects/Arduino/nano_33_iot/build/core/core.a(delay.c.o)
 .debug_frame   0x0000000000000c14       0x40 /home/gomofob/Projects/Arduino/nano_33_iot/build/core/core.a(hooks.c.o)
 .debug_frame   0x0000000000000c54       0x38 /home/gomofob/Projects/Arduino/nano_33_iot/build/core/core.a(main.cpp.o)
 .debug_frame   0x0000000000000c8c       0x30 /home/gomofob/Projects/Arduino/nano_33_iot/build/core/core.a(startup.c.o)
 .debug_frame   0x0000000000000cbc       0x28 /home/gomofob/Projects/Arduino/nano_33_iot/build/core/core.a(wiring.c.o)
 .debug_frame   0x0000000000000ce4       0x90 /home/gomofob/Projects/Arduino/nano_33_iot/build/core/core.a(wiring_analog.c.o)
 .debug_frame   0x0000000000000d74       0x64 /home/gomofob/Projects/Arduino/nano_33_iot/build/core/core.a(wiring_digital.c.o)
 .debug_frame   0x0000000000000dd8       0x30 /home/gomofob/Projects/Arduino/nano_33_iot/build/core/core.a(wiring_private.c.o)
 .debug_frame   0x0000000000000e08       0x60 /home/gomofob/Projects/Arduino/nano_33_iot/build/core/core.a(Reset.cpp.o)
 .debug_frame   0x0000000000000e68      0x4b0 /home/gomofob/Projects/Arduino/nano_33_iot/build/core/core.a(USBCore.cpp.o)
 .debug_frame   0x0000000000001318       0xbc /home/gomofob/Projects/Arduino/nano_33_iot/build/core/core.a(PluggableUSB.cpp.o)
 .debug_frame   0x00000000000013d4       0x70 /home/gomofob/Projects/Arduino/nano_33_iot/build/core/core.a(new.cpp.o)
 .debug_frame   0x0000000000001444      0x2dc /home/gomofob/Projects/Arduino/nano_33_iot/build/core/core.a(CDC.cpp.o)
 .debug_frame   0x0000000000001720       0x20 /home/gomofob/.arduino15/packages/arduino/tools/arm-none-eabi-gcc/7-2017q4/bin/../lib/gcc/arm-none-eabi/7.2.1/thumb/v6-m/libgcc.a(_udivsi3.o)
 .debug_frame   0x0000000000001740       0x2c /home/gomofob/.arduino15/packages/arduino/tools/arm-none-eabi-gcc/7-2017q4/bin/../lib/gcc/arm-none-eabi/7.2.1/../../../../arm-none-eabi/lib/thumb/v6-m/libc_nano.a(lib_a-init.o)
 .debug_frame   0x000000000000176c       0x40 /home/gomofob/.arduino15/packages/arduino/tools/arm-none-eabi-gcc/7-2017q4/bin/../lib/gcc/arm-none-eabi/7.2.1/../../../../arm-none-eabi/lib/thumb/v6-m/libc_nano.a(lib_a-malloc.o)
 .debug_frame   0x00000000000017ac       0x28 /home/gomofob/.arduino15/packages/arduino/tools/arm-none-eabi-gcc/7-2017q4/bin/../lib/gcc/arm-none-eabi/7.2.1/../../../../arm-none-eabi/lib/thumb/v6-m/libc_nano.a(lib_a-memcpy-stub.o)
 .debug_frame   0x00000000000017d4       0x20 /home/gomofob/.arduino15/packages/arduino/tools/arm-none-eabi-gcc/7-2017q4/bin/../lib/gcc/arm-none-eabi/7.2.1/../../../../arm-none-eabi/lib/thumb/v6-m/libc_nano.a(lib_a-memset.o)
 .debug_frame   0x00000000000017f4       0x2c /home/gomofob/.arduino15/packages/arduino/tools/arm-none-eabi-gcc/7-2017q4/bin/../lib/gcc/arm-none-eabi/7.2.1/../../../../arm-none-eabi/lib/thumb/v6-m/libc_nano.a(lib_a-nano-freer.o)
 .debug_frame   0x0000000000001820       0x2c /home/gomofob/.arduino15/packages/arduino/tools/arm-none-eabi-gcc/7-2017q4/bin/../lib/gcc/arm-none-eabi/7.2.1/../../../../arm-none-eabi/lib/thumb/v6-m/libc_nano.a(lib_a-nano-mallocr.o)
 .debug_frame   0x000000000000184c       0x2c /home/gomofob/.arduino15/packages/arduino/tools/arm-none-eabi-gcc/7-2017q4/bin/../lib/gcc/arm-none-eabi/7.2.1/../../../../arm-none-eabi/lib/thumb/v6-m/libc_nano.a(lib_a-sbrkr.o)
 .debug_frame   0x0000000000001878       0x30 /home/gomofob/.arduino15/packages/arduino/tools/arm-none-eabi-gcc/7-2017q4/bin/../lib/gcc/arm-none-eabi/7.2.1/../../../../arm-none-eabi/lib/thumb/v6-m/libc_nano.a(lib_a-mlock.o)
 .debug_frame   0x00000000000018a8       0x48 /home/gomofob/.arduino15/packages/arduino/tools/arm-none-eabi-gcc/7-2017q4/bin/../lib/gcc/arm-none-eabi/7.2.1/../../../../arm-none-eabi/lib/thumb/v6-m/libc_nano.a(lib_a-reent.o)
 .debug_frame   0x00000000000018f0       0x20 /home/gomofob/.arduino15/packages/arduino/tools/arm-none-eabi-gcc/7-2017q4/bin/../lib/gcc/arm-none-eabi/7.2.1/../../../../arm-none-eabi/lib/thumb/v6-m/libnosys.a(sbrk.o)

.debug_loc      0x0000000000000000     0x6cc4
 .debug_loc     0x0000000000000000       0x2a /home/gomofob/Projects/Arduino/nano_33_iot/build/core/variant.cpp.o
 .debug_loc     0x000000000000002a      0xb3f /home/gomofob/Projects/Arduino/nano_33_iot/build/core/core.a(SERCOM.cpp.o)
 .debug_loc     0x0000000000000b69      0xb0f /home/gomofob/Projects/Arduino/nano_33_iot/build/core/core.a(Uart.cpp.o)
 .debug_loc     0x0000000000001678     0x1a81 /home/gomofob/Projects/Arduino/nano_33_iot/build/core/core.a(Print.cpp.o)
 .debug_loc     0x00000000000030f9       0x3c /home/gomofob/Projects/Arduino/nano_33_iot/build/core/core.a(cortex_handlers.c.o)
 .debug_loc     0x0000000000003135      0x12f /home/gomofob/Projects/Arduino/nano_33_iot/build/core/core.a(delay.c.o)
 .debug_loc     0x0000000000003264       0x6e /home/gomofob/Projects/Arduino/nano_33_iot/build/core/core.a(startup.c.o)
 .debug_loc     0x00000000000032d2       0xa0 /home/gomofob/Projects/Arduino/nano_33_iot/build/core/core.a(wiring.c.o)
 .debug_loc     0x0000000000003372      0x4b9 /home/gomofob/Projects/Arduino/nano_33_iot/build/core/core.a(wiring_analog.c.o)
 .debug_loc     0x000000000000382b       0xc0 /home/gomofob/Projects/Arduino/nano_33_iot/build/core/core.a(wiring_digital.c.o)
 .debug_loc     0x00000000000038eb      0x131 /home/gomofob/Projects/Arduino/nano_33_iot/build/core/core.a(wiring_private.c.o)
 .debug_loc     0x0000000000003a1c       0x2d /home/gomofob/Projects/Arduino/nano_33_iot/build/core/core.a(Reset.cpp.o)
 .debug_loc     0x0000000000003a49     0x27c7 /home/gomofob/Projects/Arduino/nano_33_iot/build/core/core.a(USBCore.cpp.o)
 .debug_loc     0x0000000000006210      0x256 /home/gomofob/Projects/Arduino/nano_33_iot/build/core/core.a(PluggableUSB.cpp.o)
 .debug_loc     0x0000000000006466       0x42 /home/gomofob/Projects/Arduino/nano_33_iot/build/core/core.a(new.cpp.o)
 .debug_loc     0x00000000000064a8      0x81c /home/gomofob/Projects/Arduino/nano_33_iot/build/core/core.a(CDC.cpp.o)

Cross Reference Table

Symbol                                            File
AC_Handler                                        /home/gomofob/Projects/Arduino/nano_33_iot/build/core/core.a(cortex_handlers.c.o)
ADC_Handler                                       /home/gomofob/Projects/Arduino/nano_33_iot/build/core/core.a(cortex_handlers.c.o)
DAC_Handler                                       /home/gomofob/Projects/Arduino/nano_33_iot/build/core/core.a(cortex_handlers.c.o)
DMAC_Handler                                      /home/gomofob/Projects/Arduino/nano_33_iot/build/core/core.a(cortex_handlers.c.o)
DoubleBufferedEPOutHandler::_available() const    /home/gomofob/Projects/Arduino/nano_33_iot/build/core/core.a(USBCore.cpp.o)
DoubleBufferedEPOutHandler::_recv()               /home/gomofob/Projects/Arduino/nano_33_iot/build/core/core.a(USBCore.cpp.o)
DoubleBufferedEPOutHandler::available()           /home/gomofob/Projects/Arduino/nano_33_iot/build/core/core.a(USBCore.cpp.o)
DoubleBufferedEPOutHandler::handleEndpoint()      /home/gomofob/Projects/Arduino/nano_33_iot/build/core/core.a(USBCore.cpp.o)
DoubleBufferedEPOutHandler::peek()                /home/gomofob/Projects/Arduino/nano_33_iot/build/core/core.a(USBCore.cpp.o)
DoubleBufferedEPOutHandler::recv(void*, unsigned long) /home/gomofob/Projects/Arduino/nano_33_iot/build/core/core.a(USBCore.cpp.o)
DoubleBufferedEPOutHandler::release()             /home/gomofob/Projects/Arduino/nano_33_iot/build/core/core.a(USBCore.cpp.o)
DoubleBufferedEPOutHandler::~DoubleBufferedEPOutHandler() /home/gomofob/Projects/Arduino/nano_33_iot/build/core/core.a(USBCore.cpp.o)
DoubleBufferedEPOutHandler::~DoubleBufferedEPOutHandler() /home/gomofob/Projects/Arduino/nano_33_iot/build/core/core.a(USBCore.cpp.o)
DoubleBufferedEPOutHandler::~DoubleBufferedEPOutHandler() /home/gomofob/Projects/Arduino/nano_33_iot/build/core/core.a(USBCore.cpp.o)
Dummy_Handler                                     /home/gomofob/Projects/Arduino/nano_33_iot/build/core/core.a(cortex_handlers.c.o)
EIC_Handler                                       /home/gomofob/Projects/Arduino/nano_33_iot/build/core/core.a(cortex_handlers.c.o)
EVSYS_Handler                                     /home/gomofob/Projects/Arduino/nano_33_iot/build/core/core.a(cortex_handlers.c.o)
EndPoints                                         /home/gomofob/Projects/Arduino/nano_33_iot/build/core/core.a(USBCore.cpp.o)
HardFault_Handler                                 /home/gomofob/Projects/Arduino/nano_33_iot/build/core/core.a(cortex_handlers.c.o)
I2S_Handler                                       /home/gomofob/Projects/Arduino/nano_33_iot/build/core/core.a(cortex_handlers.c.o)
NMI_Handler                                       /home/gomofob/Projects/Arduino/nano_33_iot/build/core/core.a(cortex_handlers.c.o)
NVMCTRL_Handler                                   /home/gomofob/Projects/Arduino/nano_33_iot/build/core/core.a(cortex_handlers.c.o)